#!MLF!#
  SHE
  HAD
 YOUR
 DARK
 SUIT
   IN
GREASY
 WASH
WATER
  ALL
 YEAR
DON'T
  ASK
   ME
   TO
CARRY
   AN
 OILY
  RAG
 LIKE
 THAT
  HIS
CAPTAIN
  WAS
 THIN
  AND
HAGGARD
  AND
  HIS
BEAUTIFUL
BOOTS
 WERE
 WORN
  AND
SHABBY
  THE
REASONS
  FOR
 THIS
 DIVE
SEEMED
FOOLISH
  NOW
PRODUCTION
  MAY
 FALL
  FAR
BELOW
EXPECTATIONS
PIZZERIAS
  ARE
CONVENIENT
  FOR
    A
QUICK
LUNCH
  PUT
  THE
BUTCHER
BLOCK
TABLE
   IN
  THE
GARAGE
 DROP
 FIVE
FORMS
   IN
  THE
  BOX
BEFORE
  YOU
   GO
  OUT
  HER
WARDROBE
CONSISTS
   OF
 ONLY
SKIRTS
  AND
BLOUSES
ELDERLY
PEOPLE
  ARE
OFTEN
EXCLUDED
  SHE
  HAD
 YOUR
 DARK
 SUIT
   IN
GREASY
 WASH
WATER
  ALL
 YEAR
DON'T
  ASK
   ME
   TO
CARRY
   AN
 OILY
  RAG
 LIKE
 THAT
HUSKY
YOUNG
  MAN
   HE
 SAID
 WITH
 MOCK
DISTASTE
 AHAH
   HE
THOUGHT
    A
 LUSH
DIVORCEE
   AT
 LAST
 THUS
TECHNICAL
EFFICIENCY
   IS
ACHIEVED
   AT
  THE
EXPENSE
   OF
ACTUAL
EXPERIENCE
OBJECTS
 MADE
   OF
PEWTER
  ARE
BEAUTIFUL
  THE
MORNING
  DEW
   ON
  THE
SPIDER
  WEB
GLISTENED
   IN
  THE
  SUN
CHEAP
STOCKINGS
  RUN
  THE
FIRST
 TIME
THEY'RE
 WORN
DON'T
   DO
CHARLIE'S
DIRTY
DISHES
CALCIUM
MAKES
BONES
  AND
TEETH
STRONG
  SHE
  HAD
 YOUR
 DARK
 SUIT
   IN
GREASY
 WASH
WATER
  ALL
 YEAR
DON'T
  ASK
   ME
   TO
CARRY
   AN
 OILY
  RAG
 LIKE
 THAT
   IN
 WAGE
NEGOTIATIONS
  THE
INDUSTRY
BARGAINS
   AS
    A
 UNIT
 WITH
    A
SINGLE
UNION
HEAVE
   ON
THOSE
ROPES
  THE
BOAT'S
 COME
UNSTUCK
MATERIALS
CERAMIC
MODELING
 CLAY
  RED
WHITE
   OR
 BUFF
ARTIFICIAL
INTELLIGENCE
   IS
  FOR
 REAL
  THE
SMALL
  BOY
  PUT
  THE
 WORM
   ON
  THE
 HOOK
    A
CHOSEN
  FEW
 WILL
BECOME
GENERALS
 ONLY
  THE
 MOST
ACCOMPLISHED
ARTISTS
OBTAIN
POPULARITY
  THE
 FISH
BEGAN
   TO
 LEAP
FRANTICALLY
   ON
  THE
SURFACE
   OF
  THE
SMALL
 LAKE
  SHE
  HAD
 YOUR
 DARK
 SUIT
   IN
GREASY
 WASH
WATER
  ALL
 YEAR
DON'T
  ASK
   ME
   TO
CARRY
   AN
 OILY
  RAG
 LIKE
 THAT
DANCES
ALTERNATED
 WITH
 SUNG
   OR
SPOKEN
VERSES
   MY
FATHER
  RAN
  HIM
  OFF
 HERE
  SIX
YEARS
  AGO
 HERE
   HE
   IS
QUITE
PERSUASIVELY
  THE
 VERY
EMBODIMENT
   OF
MEANNESS
  AND
SLYNESS
  THE
CAT'S
 MEOW
ALWAYS
HURTS
   MY
 EARS
CLIFF
  WAS
SOOTHED
   BY
  THE
LUXURIOUS
MASSAGE
 EACH
UNTIMELY
INCOME
 LOSS
COINCIDED
 WITH
  THE
BREAKDOWN
   OF
    A
HEATING
SYSTEM
 PART
 JANE
  MAY
 EARN
 MORE
MONEY
   BY
WORKING
 HARD
YOUNGSTERS
 LOVE
COMMON
CANDY
   AS
TREATS
  SHE
  HAD
 YOUR
 DARK
 SUIT
   IN
GREASY
 WASH
WATER
  ALL
 YEAR
DON'T
  ASK
   ME
   TO
CARRY
   AN
 OILY
  RAG
 LIKE
 THAT
   HE
  HAS
NEVER
HIMSELF
 DONE
ANYTHING
  FOR
WHICH
   TO
   BE
HATED
WHICH
   OF
   US
  HAS
   BE
EXCITED
  AND
DON'T
IDENTIFY
YOURSELF
SOMETIMES
   HE
COINCIDED
 WITH
   MY
FATHER'S
BEING
   AT
 HOME
  THE
BUNGALOW
  WAS
PLEASANTLY
SITUATED
 NEAR
  THE
SHORE
  ARE
  YOU
LOOKING
  FOR
EMPLOYMENT
    A
  BIG
 GOAT
 IDLY
AMBLED
THROUGH
  THE
FARMYARD
EATING
SPINACH
NIGHTLY
INCREASES
STRENGTH
MIRACULOUSLY
   AT
TWILIGHT
   ON
  THE
TWELFTH
  DAY
WE'LL
 HAVE
CHABLIS
  SHE
  HAD
 YOUR
 DARK
 SUIT
   IN
GREASY
 WASH
WATER
  ALL
 YEAR
DON'T
  ASK
   ME
   TO
CARRY
   AN
 OILY
  RAG
 LIKE
 THAT
  THE
   SO
CALLED
VEGETABLE
IVORY
   IS
  THE
 HARD
ENDOSPERM
   OF
  THE
  EGG
SIZED
 SEED
  HOW
  DID
  ONE
 JOIN
 THEM
 DOGS
  DID
SOMETHING
   TO
ONE'S
  EGO
  THE
 BEST
  WAY
   TO
LEARN
   IS
   TO
SOLVE
EXTRA
PROBLEMS
  SHE
 WORE
 WARM
FLEECY
WOOLEN
OVERALLS
RALPH
CONTROLLED
  THE
STOPWATCH
 FROM
  THE
BLEACHERS
 THIS
BROCHURE
   IS
PARTICULARLY
INFORMATIVE
  FOR
    A
PROSPECTIVE
BUYER
  WHY
CHARGE
MONEY
  FOR
 SUCH
GARBAGE
  SHE
  HAD
 YOUR
 DARK
 SUIT
   IN
GREASY
 WASH
WATER
  ALL
 YEAR
DON'T
  ASK
   ME
   TO
CARRY
   AN
 OILY
  RAG
 LIKE
 THAT
OFTEN
DOMINANT
STRESS
SIMPLY
INDICATES
    A
CENTERING
   OF
ATTENTION
   OR
EMOTION
   HE
  HAD
 LEFT
  HER
INVIOLATE
THINKING
FAMILIARITY
WOULD
GENTLE
  HER
   IN
 TIME
BROIL
   OR
TOAST
   AS
USUAL
  THE
EMBLEM
DEPICTS
  THE
ACROPOLIS
  ALL
AGLOW
MILITARY
PERSONNEL
  ARE
EXPECTED
   TO
 OBEY
GOVERNMENT
ORDERS
 ONLY
LAWYERS
 LOVE
MILLIONAIRES
   IF
CAROL
COMES
TOMORROW
 HAVE
  HER
ARRANGE
  FOR
    A
MEETING
   AT
  TWO
  HIS
SHOULDER
 FELT
   AS
   IF
   IT
 WERE
BROKEN
  SHE
  HAD
 YOUR
 DARK
 SUIT
   IN
GREASY
 WASH
WATER
  ALL
 YEAR
DON'T
  ASK
   ME
   TO
CARRY
   AN
 OILY
  RAG
 LIKE
 THAT
  BUT
WITHIN
 THAT
FRAMEWORK
   HE
ALLOWED
  FOR
   AS
 MUCH
FLEXIBILITY
   AS
POSSIBLE
   WE
 CAME
   ON
   AS
 SOON
   AS
   WE
COULD
   IF
NECESSARY
   TO
REPLACE
 BOTH
HALVES
   ON
GRILL
 SEAR
 CUTS
  AND
ALLOT
EXTRA
 TIME
   HE
STOLE
    A
 DIME
 FROM
    A
BEGGAR
BEFORE
THURSDAY'S
 EXAM
REVIEW
EVERY
FORMULA
 THEY
ENJOY
   IT
 WHEN
    I
AUDITION
 JEFF
THOUGHT
  YOU
ARGUED
   IN
FAVOR
   OF
    A
CENTRIFUGE
PURCHASE
 JOHN
CLEANS
SHELLFISH
  FOR
    A
LIVING
  SHE
  HAD
 YOUR
 DARK
 SUIT
   IN
GREASY
 WASH
WATER
  ALL
 YEAR
DON'T
  ASK
   ME
   TO
CARRY
   AN
 OILY
  RAG
 LIKE
 THAT
  YOU
 TOOK
   ME
   BY
SURPRISE
  THE
HEAVENS
REFUSED
   TO
 GIVE
   UP
THEIR
WEEPING
  THE
 IDEA
   OF
    A
CENTRAL
 TANK
 WITH
LINES
   TO
 EACH
HOUSE
   IS
  NOT
   IN
ITSELF
    A
NOVELTY
DESTROY
EVERY
 FILE
RELATED
   TO
   MY
AUDITS
ALICE'S
ABILITY
   TO
 WORK
WITHOUT
SUPERVISION
   IS
NOTEWORTHY
  BOB
PAPERED
 OVER
LIVING
 ROOM
MURALS
WHERE
 WERE
  YOU
WHILE
   WE
 WERE
 AWAY
MEDIEVAL
SOCIETY
  WAS
BASED
   ON
HIERARCHIES
  SHE
  HAD
 YOUR
 DARK
 SUIT
   IN
GREASY
 WASH
WATER
  ALL
 YEAR
DON'T
  ASK
   ME
   TO
CARRY
   AN
 OILY
  RAG
 LIKE
 THAT
   AT
  THE
 BASE
   OF
  THE
ROCKY
HILLSIDE
 THEY
 LEFT
THEIR
HORSES
  AND
CLIMBED
   ON
 FOOT
  YOU
YOUNG
  MEN
  GET
   TO
   BE
   MY
  AGE
  YOU
WON'T
 TAKE
  FLU
   SO
LIGHTLY
    A
WOMAN
  MET
    A
FAMOUS
AUTHOR
   AT
    A
LITERARY
  TEA
OBJECTS
 MADE
   OF
PEWTER
  ARE
BEAUTIFUL
  THE
MORNING
  DEW
   ON
  THE
SPIDER
  WEB
GLISTENED
   IN
  THE
  SUN
CHEAP
STOCKINGS
  RUN
  THE
FIRST
 TIME
THEY'RE
 WORN
DON'T
   DO
CHARLIE'S
DIRTY
DISHES
CALCIUM
MAKES
BONES
  AND
TEETH
STRONG
  SHE
  HAD
 YOUR
 DARK
 SUIT
   IN
GREASY
 WASH
WATER
  ALL
 YEAR
DON'T
  ASK
   ME
   TO
CARRY
   AN
 OILY
  RAG
 LIKE
 THAT
HOWEVER
  THE
LITTER
REMAINED
AUGMENTED
   BY
SEVERAL
DOZEN
LUNCHROOM
SUPPERS
BOOKS
  ARE
  FOR
SCHNOOKS
   TO
 MANY
EXPERTS
 THIS
TREND
  WAS
INEVITABLE
    A
MUSCULAR
ABDOMEN
   IS
 GOOD
  FOR
 YOUR
 BACK
  THE
CAUSEWAY
ENDED
ABRUPTLY
   AT
  THE
SHORE
THOSE
MUSICIANS
HARMONIZE
MARVELOUSLY
PLEASE
 TAKE
 THIS
DIRTY
TABLE
CLOTH
   TO
  THE
CLEANERS
  FOR
   ME
  THE
CARPET
CLEANERS
SHAMPOOED
  OUR
ORIENTAL
  RUG
  SHE
  HAD
 YOUR
 DARK
 SUIT
   IN
GREASY
 WASH
WATER
  ALL
 YEAR
DON'T
  ASK
   ME
   TO
CARRY
   AN
 OILY
  RAG
 LIKE
 THAT
 WHAT
OBSESSIONS
  HAD
  SHE
PICKED
   UP
DURING
THESE
 LONG
NIGHTS
   OF
 TALK
  AND
POSSESSED
HIMSELF
  HOW
 THEY
 WILL
 TAKE
    A
WEDDING
 TRIP
LATER
  THE
EMBLEM
DEPICTS
  THE
ACROPOLIS
  ALL
AGLOW
MILITARY
PERSONNEL
  ARE
EXPECTED
   TO
 OBEY
GOVERNMENT
ORDERS
 ONLY
LAWYERS
 LOVE
MILLIONAIRES
   IF
CAROL
COMES
TOMORROW
 HAVE
  HER
ARRANGE
  FOR
    A
MEETING
   AT
  TWO
  HIS
SHOULDER
 FELT
   AS
   IF
   IT
 WERE
BROKEN
  SHE
  HAD
 YOUR
 DARK
 SUIT
   IN
GREASY
 WASH
WATER
  ALL
 YEAR
DON'T
  ASK
   ME
   TO
CARRY
   AN
 OILY
  RAG
 LIKE
 THAT
   HE
  HAD
PLUNGED
 INTO
  THE
 DARK
WOODS
BEYOND
  ONE
  HAD
   TO
BELIEVE
   IN
FINAL
EVENTS
   OR
  ONE
  WAS
STRANDED
   IN
  THE
ABYSS
   OF
NOTHING
LET'S
   BE
 FINE
SUPERIOR
PEOPLE
   OF
GREAT
DIGNITY
   HE
 SAID
   AS
   IF
   HE
 WERE
JOKING
   HE
STOLE
    A
 DIME
 FROM
    A
BEGGAR
BEFORE
THURSDAY'S
 EXAM
REVIEW
EVERY
FORMULA
 THEY
ENJOY
   IT
 WHEN
    I
AUDITION
 JEFF
THOUGHT
  YOU
ARGUED
   IN
FAVOR
   OF
    A
CENTRIFUGE
PURCHASE
 JOHN
CLEANED
SHELLFISH
  FOR
    A
LIVING
  SHE
  HAD
 YOUR
 DARK
 SUIT
   IN
GREASY
 WASH
WATER
  ALL
 YEAR
DON'T
  ASK
   ME
   TO
CARRY
   AN
 OILY
  RAG
 LIKE
 THAT
  NOW
 THAT
 THIS
   IS
   AT
 ODDS
 WITH
  OUR
MEANING
  MAY
   BE
SHOWN
   AS
FOLLOWS
  OUR
  BOY
DIDN'T
CHICKEN
  OUT
   NO
  SIR
VASES
 MAKE
 SAME
   AS
 SALT
  AND
PEPPER
SHAKERS
LEAVING
  OFF
  TOP
PIECES
AGRICULTURAL
PRODUCTS
  ARE
UNEVENLY
DISTRIBUTED
ALLOW
LEEWAY
 HERE
  BUT
RATIONALIZE
  ALL
ERRORS
  THE
NEAREST
SYNAGOGUE
  MAY
  NOT
   BE
WITHIN
WALKING
DISTANCE
 GREG
 BUYS
FRESH
 MILK
 EACH
WEEKDAY
MORNING
CATASTROPHIC
ECONOMIC
CUTBACKS
NEGLECT
  THE
 POOR
  SHE
  HAD
 YOUR
 DARK
 SUIT
   IN
GREASY
 WASH
WATER
  ALL
 YEAR
DON'T
  ASK
   ME
   TO
CARRY
   AN
 OILY
  RAG
 LIKE
 THAT
 EACH
   IS
STILL
GLORIFIED
   AS
    A
NATIONAL
 HERO
  THE
JADED
AMORIST
CONJURED
   UP
PICTURES
   OF
  THE
BLASPHEMOUS
RITES
 WITH
RELISH
  HIS
SALARY
  HAD
REACHED
  THE
  TEN
THOUSAND
 MARK
ARTIFICIAL
INTELLIGENCE
   IS
  FOR
 REAL
  THE
SMALL
  BOY
  PUT
  THE
 WORM
   ON
  THE
 HOOK
    A
CHOSEN
  FEW
 WILL
BECOME
GENERALS
 ONLY
  THE
 MOST
ACCOMPLISHED
ARTISTS
OBTAIN
POPULARITY
  THE
 FISH
BEGAN
   TO
 LEAP
FRANTICALLY
   ON
  THE
SURFACE
   OF
  THE
SMALL
 LAKE
  SHE
  HAD
 YOUR
 DARK
 SUIT
   IN
GREASY
 WASH
WATER
  ALL
 YEAR
DON'T
  ASK
   ME
   TO
CARRY
   AN
 OILY
  RAG
 LIKE
 THAT
BALLETS
 WERE
 USED
   IN
OPERA
 FROM
  ITS
BEGINNING
   HE
   IS
    A
  MAN
   OF
MAJOR
TALENT
  BUT
    A
  MAN
   OF
SOLITARY
UNCERTAIN
IMPULSES
 THEY
 WERE
    A
VAGABOND
  LOT
  AND
CONSIDERED
   TO
   BE
SHADY
  AND
UNDESIRABLE
CHARACTERS
  DID
  YOU
  BUY
  ANY
CORDUROY
OVERALLS
STEVE
 WORE
    A
BRIGHT
  RED
CASHMERE
SWEATER
  THE
GUNMAN
 KEPT
  HIS
VICTIM
CORNERED
   AT
GUNPOINT
  FOR
THREE
HOURS
  SHE
   IS
THINNER
 THAN
    I
   AM
IGUANAS
  AND
ALLIGATORS
  ARE
TROPICAL
REPTILES
  SHE
  HAD
 YOUR
 DARK
 SUIT
   IN
GREASY
 WASH
WATER
  ALL
 YEAR
DON'T
  ASK
   ME
   TO
CARRY
   AN
 OILY
  RAG
 LIKE
 THAT
LABORATORY
ASTROPHYSICS
PRETTY
 SOON
    A
WOMAN
 CAME
ALONG
CARRYING
    A
FOLDED
UMBRELLA
   AS
    A
WALKING
STICK
   IF
  THE
 FARM
   IS
RENTED
  THE
 RENT
 MUST
   BE
 PAID
DECEMBER
  AND
JANUARY
  ARE
 NICE
MONTHS
   TO
SPEND
   IN
MIAMI
  HOW
 GOOD
   IS
 YOUR
ENDURANCE
   IF
PEOPLE
 WERE
 MORE
GENEROUS
THERE
WOULD
   BE
   NO
 NEED
  FOR
WELFARE
 BARB
BURNED
PAPER
  AND
LEAVES
   IN
    A
  BIG
BONFIRE
BASKETBALL
  CAN
   BE
   AN
ENTERTAINING
SPORT
  SHE
  HAD
 YOUR
 DARK
 SUIT
   IN
GREASY
 WASH
WATER
  ALL
 YEAR
DON'T
  ASK
   ME
   TO
CARRY
   AN
 OILY
  RAG
 LIKE
 THAT
   IT
PROVIDES
    A
FRAME
  FOR
  THE
SAMPLING
CENSUS
PROGRESS
   IS
BEING
 MADE
  TOO
   IN
IMPROVING
MOTORISTS'
ACCESS
   TO
 MANY
TURNPIKES
ANOTHER
 MEMO
  FOR
SIGHTSEERS
BRING
 YOUR
CAMERA
ALONG
   TO
MUSEUMS
  ARE
 YOUR
GRADES
HIGHER
   OR
LOWER
 THAN
NANCY'S
PROJECT
DEVELOPMENT
  WAS
PROCEEDING
  TOO
SLOWLY
SERVE
  THE
COLESLAW
AFTER
    I
  ADD
  THE
  OIL
  THE
OASIS
  WAS
    A
MIRAGE
 THAT
NOISE
PROBLEM
GROWS
 MORE
ANNOYING
 EACH
  DAY
  SHE
  HAD
 YOUR
 DARK
 SUIT
   IN
GREASY
 WASH
WATER
  ALL
 YEAR
DON'T
  ASK
   ME
   TO
CARRY
   AN
 OILY
  RAG
 LIKE
 THAT
 WHEN
SUITABLY
LIGHTED
 WHAT
WOULD
   IT
 LOOK
 LIKE
  ALL
  ARE
 WELL
WRITTEN
  AND
  ARE
OVERWRITTEN
   IT
  WAS
APPLIED
 WITH
    A
COMPOST
SHREDDER
 MADE
 FROM
    A
CONVERTED
MANURE
SPREADER
   HE
STOLE
    A
 DIME
 FROM
    A
BEGGAR
BEFORE
THURSDAY'S
 EXAM
REVIEW
EVERY
FORMULA
 THEY
ENJOY
   IT
 WHEN
    I
AUDITION
 JEFF
THOUGHT
  YOU
ARGUED
   IN
FAVOR
   OF
    A
CENTRIFUGE
PURCHASE
 JOHN
CLEANS
SHELLFISH
  FOR
    A
LIVING
  SHE
  HAD
 YOUR
 DARK
 SUIT
   IN
GREASY
 WASH
WATER
  ALL
 YEAR
DON'T
  ASK
   ME
   TO
CARRY
   AN
 OILY
  RAG
 LIKE
 THAT
PRINCES
  AND
FACTIONS
CLASHED
   IN
  THE
 OPEN
STREET
  AND
 DIED
   ON
  THE
 OPEN
SCAFFOLD
THERE
 WERE
OTHER
FARMHOUSES
NEARBY
 JUST
 LONG
ENOUGH
   TO
 MAKE
  YOU
 FEEL
IMPORTANT
DECEMBER
  AND
JANUARY
  ARE
 NICE
MONTHS
   TO
SPEND
   IN
MIAMI
  HOW
 GOOD
   IS
 YOUR
ENDURANCE
   IF
PEOPLE
 WERE
 MORE
GENEROUS
THERE
WOULD
   BE
   NO
 NEED
  FOR
WELFARE
 BARB
BURNED
PAPER
  AND
LEAVES
   IN
    A
  BIG
BONFIRE
BASKETBALL
  CAN
   BE
   AN
ENTERTAINING
SPORT
  SHE
  HAD
 YOUR
 DARK
 SUIT
   IN
GREASY
 WASH
WATER
  ALL
 YEAR
DON'T
  ASK
   ME
   TO
CARRY
   AN
 OILY
  RAG
 LIKE
 THAT
DIVERSITY
   OF
PERCEPTION
  YES
DIVERSITY
   OF
 FACT
  YES
 SOME
   OF
 THEM
IGNORED
  THE
 TEXT
  AND
  HAD
APPARENTLY
MEMORIZED
  THE
WORDS
 LONG
  AGO
  BUT
  HOW
LITTLE
 LOVE
   WE
 GIVE
  HIM
  DID
  YOU
  BUY
  ANY
CORDUROY
OVERALLS
STEVE
 WORE
    A
BRIGHT
  RED
CASHMERE
SWEATER
  THE
GUNMAN
 KEPT
  HIS
VICTIM
CORNERED
   AT
GUNPOINT
  FOR
THREE
HOURS
  SHE
   IS
THINNER
 THAN
    I
   AM
IGUANAS
  AND
ALLIGATORS
  ARE
TROPICAL
REPTILES
  SHE
  HAD
 YOUR
 DARK
 SUIT
   IN
GREASY
 WASH
WATER
  ALL
 YEAR
DON'T
  ASK
   ME
   TO
CARRY
   AN
 OILY
  RAG
 LIKE
 THAT
 THIS
  CAN
   BE
 DONE
   TO
    A
 HIGH
DEGREE
   OF
ACCURACY
   BY
EXISTING
SURVEYING
TECHNIQUES
  BUT
  SHE
SUFFERED
   IN
  HER
  OFF
 DUTY
HOURS
PRACTICALLY
  ALL
FORECASTS
MENTION
  NEW
  AND
EXCITING
PRODUCTS
   ON
  THE
HORIZON
  THE
MISQUOTE
  WAS
RETRACTED
 WITH
   AN
APOLOGY
MICHAEL
COLORED
  THE
BEDROOM
 WALL
 WITH
CRAYONS
 HELP
 GREG
   TO
 PICK
    A
 PECK
   OF
POTATOES
SHAVING
CREAM
   IS
    A
POPULAR
 ITEM
   ON
HALLOWEEN
 THEY
  OWN
    A
  BIG
HOUSE
   IN
  THE
REMOTE
COUNTRYSIDE
  SHE
  HAD
 YOUR
 DARK
 SUIT
   IN
GREASY
 WASH
WATER
  ALL
 YEAR
DON'T
  ASK
   ME
   TO
CARRY
   AN
 OILY
  RAG
 LIKE
 THAT
   DO
 THEY
 MAKE
CLASS
BIASED
DECISIONS
   HE
 TOOK
  HIS
 MASK
 FROM
  HIS
FOREHEAD
  AND
THREW
   IT
UNEXPECTEDLY
ACROSS
  THE
 DECK
 MAKE
  LID
  FOR
SUGAR
 BOWL
  THE
 SAME
   AS
  JAR
 LIDS
OMITTING
DESIGN
 DISK
  THE
CLUMSY
CUSTOMER
SPILLED
 SOME
EXPENSIVE
PERFUME
  THE
VIEWPOINT
OVERLOOKED
  THE
OCEAN
PLEASE
  DIG
   MY
POTATOES
   UP
BEFORE
FROST
  I'D
 RIDE
  THE
SUBWAY
  BUT
    I
HAVEN'T
ENOUGH
CHANGE
GRANDMOTHER
OUTGREW
  HER
UPBRINGING
   IN
PETTICOATS
  SHE
  HAD
 YOUR
 DARK
 SUIT
   IN
GREASY
 WASH
WATER
  ALL
 YEAR
DON'T
  ASK
   ME
   TO
CARRY
   AN
 OILY
  RAG
 LIKE
 THAT
PASSING
 DOGS
 WERE
GREETED
 WITH
    A
CORDIAL
 BARK
   HE
WASN'T
LIKELY
   TO
 COME
 DOWN
 WITH
  HOT
CHILLS
  AND
PUZZLING
STRIPED
FEVER
STACKED
HEELS
  ARE
 ALSO
POPULAR
   ON
DRESSY
   OR
TAILORED
SHOES
  THE
EMBLEM
DEPICTS
  THE
ACROPOLIS
  ALL
AGLOW
MILITARY
PERSONNEL
  ARE
EXPECTED
   TO
 OBEY
GOVERNMENT
ORDERS
 ONLY
LAWYERS
 LOVE
MILLIONAIRES
   IF
CAROL
COMES
TOMORROW
 HAVE
  HER
ARRANGE
  FOR
    A
MEETING
   AT
  TWO
  HIS
SHOULDER
 FELT
   AS
   IF
   IT
 WERE
BROKEN
  SHE
  HAD
 YOUR
 DARK
 SUIT
   IN
GREASY
 WASH
WATER
  ALL
 YEAR
DON'T
  ASK
   ME
   TO
CARRY
   AN
 OILY
  RAG
 LIKE
 THAT
 THEN
   HE
 THEN
 WHAT
   HE
WADDED
  HIS
SWEAT
SHIRT
 INTO
    A
 BALL
  AND
STRIPPED
 DOWN
   TO
  HIS
SWIMMING
TRUNKS
   DO
  YOU
 LOVE
   TO
  RUN
   UP
    A
  HEM
  SEW
   ON
BUTTONS
 MAKE
 NEAT
BUTTONHOLES
 CALL
   AN
AMBULANCE
  FOR
MEDICAL
ASSISTANCE
SWING
 YOUR
  ARM
   AS
 HIGH
   AS
  YOU
  CAN
  WHY
  BUY
  OIL
 WHEN
  YOU
ALWAYS
  USE
 MINE
PLANNED
PARENTHOOD
ORGANIZATIONS
PROMOTE
BIRTH
CONTROL
    A
BORING
NOVEL
   IS
    A
SUPERB
SLEEPING
 PILL
  SHE
  HAD
 YOUR
 DARK
 SUIT
   IN
GREASY
 WASH
WATER
  ALL
 YEAR
DON'T
  ASK
   ME
   TO
CARRY
   AN
 OILY
  RAG
 LIKE
 THAT
FISTS
PUMMELED
  HIM
   AS
   HE
STAGGERED
FORWARD
UPSTAIRS
 BUSY
 FEET
SHOWERING
 LIKE
RAINDROPS
PATTERED
AROUND
  HER
 ROOM
COMPULSORY
RETIREMENT
   AT
SIXTY
 FIVE
LOOMS
   ON
  OUR
HORIZON
DESTROY
EVERY
 FILE
RELATED
   TO
   MY
AUDITS
ALICE'S
ABILITY
   TO
 WORK
WITHOUT
SUPERVISION
   IS
NOTEWORTHY
  BOB
PAPERED
 OVER
  THE
LIVING
 ROOM
MURALS
WHERE
 WERE
  YOU
WHILE
   WE
 WERE
 AWAY
MEDIEVAL
SOCIETY
  WAS
BASED
   ON
HIERARCHIES
  SHE
  HAD
 YOUR
 DARK
 SUIT
   IN
GREASY
 WASH
WATER
  ALL
 YEAR
DON'T
  ASK
   ME
   TO
CARRY
   AN
 OILY
  RAG
 LIKE
 THAT
HOW'S
   IT
STRIKE
  YOU
 FOUL
   OR
 FAIR
WEAKNESS
   IN
LEADERSHIP
POACH
  THE
APPLES
   IN
 THIS
SYRUP
  FOR
TWELVE
MINUTES
DRAIN
 THEM
  AND
 COOL
  WHO
AUTHORIZED
  THE
UNLIMITED
EXPENSE
ACCOUNT
   TO
FURTHER
  HIS
PRESTIGE
   HE
OCCASIONALLY
READS
  THE
 WALL
STREET
JOURNAL
LORI'S
COSTUME
NEEDED
BLACK
GLOVES
   TO
   BE
COMPLETELY
ELEGANT
  WHY
 YELL
   OR
WORRY
 OVER
SILLY
ITEMS
GUESS
  THE
QUESTION
 FROM
  THE
ANSWER
  SHE
  HAD
 YOUR
 DARK
 SUIT
   IN
GREASY
 WASH
WATER
  ALL
 YEAR
DON'T
  ASK
   ME
   TO
CARRY
   AN
 OILY
  RAG
 LIKE
 THAT
   HE
MAKES
   ME
UNCOMFORTABLE
   HE
SWUNG
AROUND
 EYES
TOWARD
  THE
BEDROOM
 SOME
FIFTEEN
 FEET
 AWAY
   AT
DIFFERENT
TIMES
   HE
SERVED
   AS
 GLEE
 CLUB
  AND
CHOIR
LEADER
  AND
   AS
ORGANIST
  DID
  YOU
  BUY
  ANY
CORDUROY
OVERALLS
STEVE
 WORE
    A
BRIGHT
  RED
CASHMERE
SWEATER
  THE
GUNMAN
 KEPT
  HIS
VICTIM
CORNERED
   AT
GUNPOINT
  FOR
THREE
HOURS
  SHE
   IS
THINNER
 THAN
    I
   AM
IGUANAS
  AND
ALLIGATORS
  ARE
TROPICAL
REPTILES
  SHE
  HAD
 YOUR
 DARK
 SUIT
   IN
GREASY
 WASH
WATER
  ALL
 YEAR
DON'T
  ASK
   ME
   TO
CARRY
   AN
 OILY
  RAG
 LIKE
 THAT
POULTRY
RESULTS
   OF
IRRADIATION
TESTS
 WITH
POULTRY
 HAVE
 BEEN
QUITE
SUCCESSFUL
    A
SLEEPY
VOICE
ANSWERED
YOU'RE
BOILING
 MILK
AIN'T
  YOU
SPECIAL
 TASK
FORCES
RESCUE
HOSTAGES
 FROM
KIDNAPPERS
 WILL
ROBIN
 WEAR
    A
YELLOW
 LILY
STRAW
 HATS
  ARE
  OUT
   OF
FASHION
 THIS
 YEAR
  THE
TOOTH
FAIRY
FORGOT
   TO
 COME
 WHEN
ROGER'S
TOOTH
 FELL
  OUT
 THAT
DIAGRAM
MAKES
SENSE
 ONLY
AFTER
 MUCH
STUDY
  SHE
  HAD
 YOUR
 DARK
 SUIT
   IN
GREASY
 WASH
WATER
  ALL
 YEAR
DON'T
  ASK
   ME
   TO
CARRY
   AN
 OILY
  RAG
 LIKE
 THAT
  THE
 FEET
 WORE
 ARMY
SHOES
   IN
OBVIOUS
DISREPAIR
STRENGTH
BEGAN
   TO
  ZIP
   UP
  AND
 DOWN
  HIS
CHEST
  YOU
  MAY
AMAZE
YOURSELF
  AND
ACQUIRE
    A
 REAL
KNACK
  FOR
   IT
SPECIAL
 TASK
FORCES
RESCUE
HOSTAGES
 FROM
KIDNAPPERS
 WILL
ROBIN
 WEAR
    A
YELLOW
 LILY
STRAW
 HATS
  ARE
  OUT
   OF
FASHION
 THIS
 YEAR
  THE
TOOTH
FAIRY
FORGOT
   TO
 COME
 WHEN
ROGER'S
TOOTH
 FELL
  OUT
 THAT
DIAGRAM
MAKES
SENSE
 ONLY
AFTER
 MUCH
STUDY
  SHE
  HAD
 YOUR
 DARK
 SUIT
   IN
GREASY
 WASH
WATER
  ALL
 YEAR
DON'T
  ASK
   ME
   TO
CARRY
   AN
 OILY
  RAG
 LIKE
 THAT
 THIS
 DOES
  NOT
ALLOW
  THE
MYSTERY
   TO
INVADE
   US
SHRUGS
  MET
 THAT
 FROM
 ROOM
CLERKS
 FROM
BELLHOPS
   IN
 FACT
  OUR
WHOLE
DEFENSIVE
 UNIT
  DID
    A
 GOOD
  JOB
  SHE
SLIPPED
  AND
SPRAINED
  HER
ANKLE
   ON
  THE
STEEP
SLOPE
ALUMINUM
SILVERWARE
  CAN
OFTEN
   BE
FLIMSY
YOUNG
CHILDREN
SHOULD
AVOID
EXPOSURE
   TO
CONTAGIOUS
DISEASES
WEATHERPROOF
GALOSHES
  ARE
 VERY
USEFUL
   IN
SEATTLE
  PAM
GIVES
DRIVING
LESSONS
   ON
THURSDAYS
  SHE
  HAD
 YOUR
 DARK
 SUIT
   IN
GREASY
 WASH
WATER
  ALL
 YEAR
DON'T
  ASK
   ME
   TO
CARRY
   AN
 OILY
  RAG
 LIKE
 THAT
   IT
 GAVE
  THE
RUBBERIZED
FABRIC
    A
 DULL
GLEAM
 LIKE
METAL
  HOW
 LONG
WOULD
   IT
   BE
OCCUPIED
 THIS
   IS
FOLLOWED
   BY
    A
 BOOM
   IN
CONFERENCES
KINDERGARTEN
CHILDREN
DECORATE
THEIR
CLASSROOMS
  FOR
  ALL
HOLIDAYS
   HE
 WILL
ALLOW
    A
 RARE
  LIE
WITHDRAW
  ALL
PHONY
ACCUSATIONS
   AT
 ONCE
 CORY
  AND
TRISH
PLAYED
  TAG
 WITH
BEACH
BALLS
  FOR
HOURS
RIGHT
  NOW
  MAY
  NOT
   BE
  THE
 BEST
 TIME
  FOR
BUSINESS
MERGERS
  SHE
  HAD
 YOUR
 DARK
 SUIT
   IN
GREASY
 WASH
WATER
  ALL
 YEAR
DON'T
  ASK
   ME
   TO
CARRY
   AN
 OILY
  RAG
 LIKE
 THAT
 THEY
CLOSE
SOMETIME
AFTER
EIGHT
  HIS
 BODY
PROCESSES
 ONLY
SLOWED
 DOWN
ENOUGH
  FOR
  HIM
   TO
DISPEL
FATIGUE
POISONS
 MOST
   OF
   US
BRUSH
  OUR
TEETH
   BY
 HAND
  THE
MISQUOTE
  WAS
RETRACTED
 WITH
   AN
APOLOGY
MICHAEL
COLORED
  THE
BEDROOM
 WALL
 WITH
CRAYONS
 HELP
 GREG
   TO
 PICK
    A
 PECK
   OF
POTATOES
SHAVING
CREAM
   IS
    A
POPULAR
 ITEM
   ON
HALLOWEEN
 THEY
  OWN
    A
  BIG
HOUSE
   IN
  THE
REMOTE
COUNTRYSIDE
  SHE
  HAD
 YOUR
 DARK
 SUIT
   IN
GREASY
 WASH
WATER
  ALL
 YEAR
DON'T
  ASK
   ME
   TO
CARRY
   AN
 OILY
  RAG
 LIKE
 THAT
  YOU
DON'T
  EAT
ENOUGH
HONEY
   HE
 GAVE
    A
SHORT
 HARD
LAUGH
  AND
LOOKED
   AT
  HER
KNOWINGLY
INCREASING
TEMPO
   OF
  NEW
PRODUCT
DEVELOPMENT
COMBINE
  ALL
  THE
INGREDIENTS
   IN
    A
LARGE
 BOWL
  ROB
  SAT
   BY
  THE
 POND
  AND
SKETCHED
  THE
STRAY
GEESE
  BEG
 THAT
GUARD
  FOR
  ONE
GALLON
   OF
  GAS
  I'D
RATHER
  NOT
  BUY
THESE
SHOES
 THAN
   BE
OVERCHARGED
  HER
RIGHT
 HAND
ACHES
WHENEVER
  THE
BAROMETRIC
PRESSURE
CHANGES
  SHE
  HAD
 YOUR
 DARK
 SUIT
   IN
GREASY
 WASH
WATER
  ALL
 YEAR
DON'T
  ASK
   ME
   TO
CARRY
   AN
 OILY
  RAG
 LIKE
 THAT
    A
DETAILED
STUDY
   OF
 THIS
LATTER
PHENOMENON
  WAS
  NOT
ATTEMPTED
   IN
 THIS
PAPER
 BEAT
   ME
   TO
DEATH
   IN
FRONT
   OF
    A
HUNDRED
PEOPLE
PSYCHOLOGICALLY
  THE
RECEPTION
SHOULD
   BE
  THE
CLIMAX
FOLLOWING
  THE
SERMON
PIZZERIAS
  ARE
CONVENIENT
  FOR
    A
QUICK
LUNCH
  PUT
  THE
BUTCHER
BLOCK
TABLE
   IN
  THE
GARAGE
 DROP
 FIVE
FORMS
   IN
  THE
  BOX
BEFORE
  YOU
   GO
  OUT
  HER
WARDROBE
CONSISTS
   OF
 ONLY
SKIRTS
  AND
BLOUSES
ELDERLY
PEOPLE
  ARE
OFTEN
EXCLUDED
  SHE
  HAD
 YOUR
 DARK
 SUIT
   IN
GREASY
 WASH
WATER
  ALL
 YEAR
DON'T
  ASK
   ME
   TO
CARRY
   AN
 OILY
  RAG
 LIKE
 THAT
  BUT
   IN
 THIS
  ONE
SECTION
   WE
WELCOMED
AUDITORS
  LOT
   OF
PEOPLE
 WILL
 ROAM
  THE
STREETS
   IN
COSTUMES
  AND
MASKS
  AND
HAVING
    A
 BALL
    A
  FEW
YEARS
LATER
  THE
 DOME
 FELL
   IN
KINDERGARTEN
CHILDREN
DECORATE
THEIR
CLASSROOMS
  FOR
  ALL
HOLIDAYS
   HE
 WILL
ALLOW
    A
 RARE
  LIE
WITHDRAW
  ALL
PHONY
ACCUSATIONS
   AT
 ONCE
 CORY
  AND
TRISH
PLAYED
  TAG
 WITH
BEACH
BALLS
  FOR
HOURS
RIGHT
  NOW
  MAY
  NOT
   BE
  THE
 BEST
 TIME
  FOR
BUSINESS
MERGERS
  SHE
  HAD
 YOUR
 DARK
 SUIT
   IN
GREASY
 WASH
WATER
  ALL
 YEAR
DON'T
  ASK
   ME
   TO
CARRY
   AN
 OILY
  RAG
 LIKE
 THAT
   OR
 DOES
   HE
  GET
EXERCISE
  OUR
  KEY
SALESMEN
  ARE
   IN
APPLIANCES
  AND
COSMETICS
 THIS
BRINGS
   US
   TO
  THE
QUESTION
   OF
ACCREDITATION
   OF
  ART
SCHOOLS
   IN
GENERAL
ARTIFICIAL
INTELLIGENCE
   IS
  FOR
 REAL
  THE
SMALL
  BOY
  PUT
  THE
 WORM
   ON
  THE
 HOOK
    A
CHOSEN
  FEW
 WILL
BECOME
GENERALS
 ONLY
  THE
 MOST
ACCOMPLISHED
ARTISTS
OBTAIN
POPULARITY
  THE
 FISH
BEGAN
   TO
 LEAP
FRANTICALLY
   ON
  THE
SURFACE
   OF
  THE
SMALL
 LAKE
  SHE
  HAD
 YOUR
 DARK
 SUIT
   IN
GREASY
 WASH
WATER
  ALL
 YEAR
DON'T
  ASK
   ME
   TO
CARRY
   AN
 OILY
  RAG
 LIKE
 THAT
ORIGINALLY
  THE
 MAIN
TYPES
 USED
 WERE
VARIOUS
COMPOSITIONS
   OF
POLYESTERS
 WHAT
ABOUT
    A
  TEA
 ROOM
 THEN
SEVERAL
FIRMS
  ARE
MERCHANDISING
ENZYME
PREPARATION
THROUGH
 FEED
MANUFACTURERS
   HE
STOLE
    A
 DIME
 FROM
    A
BEGGAR
BEFORE
THURSDAY'S
 EXAM
REVIEW
EVERY
FORMULA
 THEY
ENJOY
   IT
 WHEN
    I
AUDITION
 JEFF
THOUGHT
  YOU
ARGUED
   IN
FAVOR
   OF
    A
CENTRIFUGE
PURCHASE
 JOHN
CLEANS
SHELLFISH
  FOR
    A
LIVING
  SHE
  HAD
 YOUR
 DARK
 SUIT
   IN
GREASY
 WASH
WATER
  ALL
 YEAR
DON'T
  ASK
   ME
   TO
CARRY
   AN
 OILY
  RAG
 LIKE
 THAT
PERHAPS
   IT
  WAS
RIGHT
PERHAPS
   IT
  WAS
 JUST
   HE
PAUSED
 THEN
ADDED
EVERYTHING
   ON
    A
 SHIP
   IS
    A
WEAPON
THESE
INCLUDE
LEAVES
   OF
ABSENCES
ILLNESSES
  AND
LAYOFFS
AGRICULTURAL
PRODUCTS
  ARE
UNEVENLY
DISTRIBUTED
ALLOW
LEEWAY
 HERE
  BUT
RATIONALIZE
  ALL
ERRORS
  THE
NEAREST
SYNAGOGUE
  MAY
  NOT
   BE
WITHIN
WALKING
DISTANCE
 GREG
 BUYS
FRESH
 MILK
 EACH
WEEKDAY
MORNING
CATASTROPHIC
ECONOMIC
CUTBACKS
NEGLECT
  THE
 POOR
  SHE
  HAD
 YOUR
 DARK
 SUIT
   IN
GREASY
 WASH
WATER
  ALL
 YEAR
DON'T
  ASK
   ME
   TO
CARRY
   AN
 OILY
  RAG
 LIKE
 THAT
    A
CARRIAGE
CRUNCHED
   BY
  ITS
  DIM
LIGHTS
FILTERING
THROUGH
  THE
GLOOM
 THEY
 MAKE
   US
CONFORMISTS
 LOOK
 GOOD
   WE
ALWAYS
THOUGHT
   WE
WOULD
  DIE
 WITH
  OUR
BOOTS
   ON
  WHO
AUTHORIZED
  THE
UNLIMITED
EXPENSE
ACCOUNT
   TO
FURTHER
  HIS
PRESTIGE
   HE
OCCASIONALLY
READS
  THE
 WALL
STREET
JOURNAL
LORI'S
COSTUME
NEEDED
BLACK
GLOVES
   TO
   BE
COMPLETELY
ELEGANT
  WHY
 YELL
   OR
WORRY
 OVER
SILLY
ITEMS
GUESS
  THE
QUESTION
 FROM
  THE
ANSWER
  SHE
  HAD
 YOUR
 DARK
 SUIT
   IN
GREASY
 WASH
WATER
  ALL
 YEAR
DON'T
  ASK
   ME
   TO
CARRY
   AN
 OILY
  RAG
 LIKE
 THAT
   WE
  CAN
HOWEVER
MAXIMIZE
  ITS
EXPECTED
VALUE
   HE
 THEN
OFFERED
  HIS
  OWN
ESTIMATE
   OF
  THE
WEATHER
WHICH
  WAS
UNENTHUSIASTIC
 LESS
PERSONAL
SALESMANSHIP
    A
MUSCULAR
ABDOMEN
   IS
 GOOD
  FOR
 YOUR
 BACK
  THE
CAUSEWAY
ENDED
ABRUPTLY
   AT
  THE
SHORE
THOSE
MUSICIANS
HARMONIZE
MARVELOUSLY
PLEASE
 TAKE
 THIS
DIRTY
TABLE
CLOTH
   TO
  THE
CLEANERS
  FOR
   ME
  THE
CARPET
CLEANERS
SHAMPOOED
  OUR
ORIENTAL
  RUG
  SHE
  HAD
 YOUR
 DARK
 SUIT
   IN
GREASY
 WASH
WATER
  ALL
 YEAR
DON'T
  ASK
   ME
   TO
CARRY
   AN
 OILY
  RAG
 LIKE
 THAT
   IT
  WAS
EXPOSED
   TO
    A
 HIGH
VELOCITY
  GAS
  JET
 WAIT
    A
LITTLE
WHILE
 THIS
   IS
   NO
SPECTATOR
 TYPE
EXPERIENCE
EVERYONE
   IS
   TO
   BE
    A
PARTICIPANT
DECEMBER
  AND
JANUARY
  ARE
 NICE
MONTHS
   TO
SPEND
   IN
MIAMI
  HOW
 GOOD
   IS
 YOUR
ENDURANCE
   IF
PEOPLE
 WERE
 MORE
GENEROUS
THERE
WOULD
   BE
   NO
 NEED
  FOR
WELFARE
 BARB
BURNED
PAPER
  AND
LEAVES
   IN
    A
  BIG
BONFIRE
BASKETBALL
  CAN
   BE
   AN
ENTERTAINING
SPORT
  SHE
  HAD
 YOUR
 DARK
 SUIT
   IN
GREASY
 WASH
WATER
  ALL
 YEAR
DON'T
  ASK
   ME
   TO
CARRY
   AN
 OILY
  RAG
 LIKE
 THAT
Y'ALL
SHOULD
 HAVE
  LET
   ME
   DO
   IT
   MY
MOTHER
NEVER
 WOPS
   ME
OBVIOUSLY
  THE
BRIDAL
 PAIR
  HAS
 MANY
ADJUSTMENTS
   TO
 MAKE
   TO
THEIR
  NEW
SITUATION
  SHE
SLIPPED
  AND
SPRAINED
  HER
ANKLE
   ON
  THE
STEEP
SLOPE
ALUMINUM
SILVERWARE
  CAN
OFTEN
   BE
FLIMSY
YOUNG
CHILDREN
SHOULD
AVOID
EXPOSURE
   TO
CONTAGIOUS
DISEASES
WEATHERPROOF
GALOSHES
  ARE
 VERY
USEFUL
   IN
SEATTLE
  PAM
GIVES
DRIVING
LESSONS
   ON
THURSDAYS
  SHE
  HAD
 YOUR
 DARK
 SUIT
   IN
GREASY
 WASH
WATER
  ALL
 YEAR
DON'T
  ASK
   ME
   TO
CARRY
   AN
 OILY
  RAG
 LIKE
 THAT
 EACH
 FORM
REPRESENTED
   BY
  THE
DICTIONARY
   IS
LOOKED
   UP
   IN
  THE
 TEXT
 FORM
 LIST
   IN
    A
  WAY
   HE
COULDN'T
BLAME
  HER
   DO
  BUY
  ALL
PURPOSE
 MUGS
   OR
 CUPS
    A
MUSCULAR
ABDOMEN
   IS
 GOOD
  FOR
 YOUR
 BACK
  THE
CAUSEWAY
ENDED
ABRUPTLY
   AT
  THE
SHORE
THOSE
MUSICIANS
HARMONIZE
MARVELOUSLY
PLEASE
 TAKE
 THIS
DIRTY
TABLE
CLOTH
   TO
  THE
CLEANERS
  FOR
   ME
  THE
CARPET
CLEANERS
SHAMPOOED
  OUR
ORIENTAL
  RUG
  SHE
  HAD
 YOUR
 DARK
 SUIT
   IN
GREASY
 WASH
WATER
  ALL
 YEAR
DON'T
  ASK
   ME
   TO
CARRY
   AN
 OILY
  RAG
 LIKE
 THAT
    A
 WARM
BREEZE
PLAYED
ACROSS
   IT
MOVING
   IT
 LIKE
WAVES
CLEVER
LIGHT
SONGS
 WERE
OVERLY
  COY
TRAGIC
SONGS
    A
LITTLE
  TOO
MELODRAMATIC
   DO
  NOT
 DRAW
 YARN
  TOO
TIGHT
KINDERGARTEN
CHILDREN
DECORATE
THEIR
CLASSROOMS
  FOR
  ALL
HOLIDAYS
   HE
 WILL
ALLOW
    A
 RARE
  LIE
WITHDRAW
  ALL
PHONY
ACCUSATIONS
   AT
 ONCE
 CORY
  AND
TRISH
PLAYED
  TAG
 WITH
BEACH
BALLS
  FOR
HOURS
RIGHT
  NOW
  MAY
  NOT
   BE
  THE
 BEST
 TIME
  FOR
BUSINESS
MERGERS
  SHE
  HAD
 YOUR
 DARK
 SUIT
   IN
GREASY
 WASH
WATER
  ALL
 YEAR
DON'T
  ASK
   ME
   TO
CARRY
   AN
 OILY
  RAG
 LIKE
 THAT
   IS
   IT
BECAUSE
   OF
   MY
SLOVENLINESS
 THAT
 HAIR
GROWS
   ON
   MY
 FACE
 TAKE
 CARE
   OF
YOURSELF
 THEN
   HE
PEERED
AHEAD
  AND
GRINNED
   AS
  THE
RAILROAD
TRACKS
 CAME
 INTO
 VIEW
AGAIN
BELOW
  THE
CAT'S
 MEOW
ALWAYS
HURTS
   MY
 EARS
CLIFF
  WAS
SOOTHED
   BY
  THE
LUXURIOUS
MASSAGE
 EACH
UNTIMELY
INCOME
 LOSS
COINCIDED
 WITH
  THE
BREAKDOWN
   OF
    A
HEATING
SYSTEM
 PART
 JANE
  MAY
 EARN
 MORE
MONEY
   BY
WORKING
 HARD
YOUNGSTERS
 LOVE
COMMON
CANDY
   AS
TREATS
  SHE
  HAD
 YOUR
 DARK
 SUIT
   IN
GREASY
 WASH
WATER
  ALL
 YEAR
DON'T
  ASK
   ME
   TO
CARRY
   AN
 OILY
  RAG
 LIKE
 THAT
  BUT
    A
SOMEWHAT
 MORE
DETAILED
ANALYSIS
   OF
 THIS
PROCESS
  MAY
   BE
ILLUMINATING
 THEY
 TOOK
   IT
 AWAY
OVERALLS
   OR
SOMETHING
NOTHING
  HAS
 BEEN
 DONE
  YET
   TO
 TAKE
ADVANTAGE
   OF
  THE
ENABLING
LEGISLATION
  ARE
 YOUR
GRADES
HIGHER
   OR
LOWER
 THAN
NANCY'S
PROJECT
DEVELOPMENT
  WAS
PROCEEDING
  TOO
SLOWLY
SERVE
  THE
COLESLAW
AFTER
    I
  ADD
  THE
  OIL
  THE
OASIS
  WAS
    A
MIRAGE
 THAT
NOISE
PROBLEM
GROWS
 MORE
ANNOYING
 EACH
  DAY
  SHE
  HAD
 YOUR
 DARK
 SUIT
   IN
GREASY
 WASH
WATER
  ALL
 YEAR
DON'T
  ASK
   ME
   TO
CARRY
   AN
 OILY
  RAG
 LIKE
 THAT
   OH
HE'LL
   BE
    A
PLUMBER
 CAME
  THE
ANSWER
  HER
 LEGS
 HUNG
 DOWN
 LONG
  AND
 THIN
   AS
  SHE
  SAT
   ON
  THE
 HIGH
STOOL
WE'RE
 HERE
   TO
TRANSACT
BUSINESS
KINDERGARTEN
CHILDREN
DECORATE
THEIR
CLASSROOMS
  FOR
  ALL
HOLIDAYS
   HE
 WILL
ALLOW
    A
 RARE
  LIE
WITHDRAW
  ALL
PHONY
ACCUSATIONS
   AT
 ONCE
 CORY
  AND
TRISH
PLAYED
  TAG
 WITH
BEACH
BALLS
  FOR
HOURS
RIGHT
  NOW
  MAY
  NOT
   BE
  THE
 BEST
 TIME
  FOR
BUSINESS
MERGERS
  SHE
  HAD
 YOUR
 DARK
 SUIT
   IN
GREASY
 WASH
WATER
  ALL
 YEAR
DON'T
  ASK
   ME
   TO
CARRY
   AN
 OILY
  RAG
 LIKE
 THAT
THERE
 NEED
   BE
   NO
SQUEAMISHNESS
ABOUT
ADMITTING
 THIS
SULPHUR
  OIL
  AND
COPRA
 MAKE
  THE
 KIND
   OF
TINDER
  ANY
FIREBUG
DREAMS
   OF
INSTRUCTIONS
  FOR
PREPARING
 CLAY
DRYING
GLAZING
  AND
FIRING
  ARE
  NOT
GIVEN
OBJECTS
 MADE
   OF
PEWTER
  ARE
BEAUTIFUL
  THE
MORNING
  DEW
   ON
  THE
SPIDER
  WEB
GLISTENED
   IN
  THE
  SUN
CHEAP
STOCKINGS
  RUN
  THE
FIRST
 TIME
THEY'RE
 WORN
DON'T
   DO
CHARLIE'S
DIRTY
DISHES
CALCIUM
MAKES
BONES
  AND
TEETH
STRONG
  SHE
  HAD
 YOUR
 DARK
 SUIT
   IN
GREASY
 WASH
WATER
  ALL
 YEAR
DON'T
  ASK
   ME
   TO
CARRY
   AN
 OILY
  RAG
 LIKE
 THAT
SEEDS
   OF
SOYBEAN
COTTON
 CORN
SESAME
  AND
 RAPE
YIELD
SEMIDRYING
 OILS
 SAID
  YOU
 WORE
YOURSELF
  OUT
CLEANING
  ALL
THESE
EMPTY
ROOMS
NOBODY
 ELSE
SHOWED
PLEASURE
 CALL
   AN
AMBULANCE
  FOR
MEDICAL
ASSISTANCE
SWING
 YOUR
  ARM
   AS
 HIGH
   AS
  YOU
  CAN
  WHY
  BUY
  OIL
 WHEN
  YOU
ALWAYS
  USE
 MINE
PLANNED
PARENTHOOD
ORGANIZATIONS
PROMOTE
BIRTH
CONTROL
    A
BORING
NOVEL
   IS
    A
SUPERB
SLEEPING
 PILL
  SHE
  HAD
 YOUR
 DARK
 SUIT
   IN
GREASY
 WASH
WATER
  ALL
 YEAR
DON'T
  ASK
   ME
   TO
CARRY
   AN
 OILY
  RAG
 LIKE
 THAT
   HE
TREMBLED
 LEST
  HIS
PIECE
SHOULD
 FAIL
   NO
  THE
  MAN
  WAS
  NOT
DRUNK
   HE
WONDERED
  HOW
   HE
  GOT
 TIED
   UP
 WITH
 THIS
STRANGER
  HIS
 WORK
BEGAN
 JUST
  SIX
 DAYS
AFTER
  THE
FLOOD
  DID
  YOU
  BUY
  ANY
CORDUROY
OVERALLS
STEVE
 WORE
    A
BRIGHT
  RED
CASHMERE
SWEATER
  THE
GUNMAN
 KEPT
  HIS
VICTIM
CORNERED
   AT
GUNPOINT
  FOR
THREE
HOURS
  SHE
   IS
THINNER
 THAN
    I
   AM
IGUANAS
  AND
ALLIGATORS
  ARE
TROPICAL
REPTILES
  SHE
  HAD
 YOUR
 DARK
 SUIT
   IN
GREASY
 WASH
WATER
  ALL
 YEAR
DON'T
  ASK
   ME
   TO
CARRY
   AN
 OILY
  RAG
 LIKE
 THAT
   HE
 ALSO
REMINDED
HIMSELF
 THAT
   HE
  HAD
   AN
UNUSUAL
NUMBER
   OF
POSSIBILITIES
WIDOW
 NICE
 SORT
   OF
WOMAN
  YET
   HE
REMAINS
  THE
FIERCEST
   OF
COMPETITORS
MUSCULAR
ABDOMEN
   IS
 GOOD
  FOR
 YOUR
 BACK
  THE
CAUSEWAY
ENDED
ABRUPTLY
   AT
  THE
SHORE
THOSE
MUSICIANS
HARMONIZE
MARVELOUSLY
PLEASE
 TAKE
 THIS
DIRTY
TABLE
CLOTH
   TO
  THE
CLEANERS
  FOR
   ME
  THE
CARPET
CLEANERS
SHAMPOOED
  OUR
ORIENTAL
  RUG
  SHE
  HAD
 YOUR
 DARK
 SUIT
   IN
GREASY
 WASH
WATER
  ALL
 YEAR
DON'T
  ASK
   ME
   TO
CARRY
   AN
 OILY
  RAG
 LIKE
 THAT
MORPHOPHONEMIC
RULES
  MAY
   BE
THOUGHT
   OF
   AS
JOINING
CERTAIN
POINTS
   IN
  THE
SYSTEM
 THEY
 WERE
 BOTH
 VERY
FLUENT
   HE
SWUNG
   UP
 OVER
  THE
WHEEL
COMBINE
  ALL
  THE
INGREDIENTS
   IN
    A
LARGE
 BOWL
  ROB
  SAT
   BY
  THE
 POND
  AND
SKETCHED
  THE
STRAY
GEESE
  BEG
 THAT
GUARD
  FOR
  ONE
GALLON
   OF
  GAS
  I'D
RATHER
  NOT
  BUY
THESE
SHOES
 THAN
   BE
OVERCHARGED
  HER
RIGHT
 HAND
ACHES
WHENEVER
  THE
BAROMETRIC
PRESSURE
CHANGES
  SHE
  HAD
 YOUR
 DARK
 SUIT
   IN
GREASY
 WASH
WATER
  ALL
 YEAR
DON'T
  ASK
   ME
   TO
CARRY
   AN
 OILY
  RAG
 LIKE
 THAT
FLIES
SWARMED
AROUND
  THE
 BOWL
   OF
LENTILS
   IN
WHICH
   HE
MOPPED
THICK
BLACK
BREAD
  THE
PULSING
 GLOW
   OF
    A
CIGARETTE
THEIR
PROPS
 WERE
  TWO
STEPLADDERS
    A
CHAIR
  AND
    A
 PALM
  FAN
SPECIAL
 TASK
FORCES
RESCUE
HOSTAGES
 FROM
KIDNAPPERS
 WILL
ROBIN
 WEAR
    A
YELLOW
 LILY
STRAW
 HATS
  ARE
  OUT
   OF
FASHION
 THIS
 YEAR
  THE
TOOTH
FAIRY
FORGOT
   TO
 COME
 WHEN
ROGER'S
TOOTH
 FELL
  OUT
 THAT
DIAGRAM
MAKES
SENSE
 ONLY
AFTER
 MUCH
STUDY
  SHE
  HAD
 YOUR
 DARK
 SUIT
   IN
GREASY
 WASH
WATER
  ALL
 YEAR
DON'T
  ASK
   ME
   TO
CARRY
   AN
 OILY
  RAG
 LIKE
 THAT
AFTER
 THAT
   WE
BEGAN
   TO
  GET
VISITORS
   TO
CLASS
   OR
 MORE
RHYTHMICALLY
  THE
SWARTHY
WITCHES
  ARE
LAUGHING
   DO
 LINE
BARBECUE
 FIRE
 BOWL
 WITH
HEAVY
 FOIL
   TO
REFLECT
 HEAT
SPECIAL
 TASK
FORCES
RESCUE
HOSTAGES
 FROM
KIDNAPPERS
 WILL
ROBIN
 WEAR
    A
YELLOW
 LILY
STRAW
 HATS
  ARE
  OUT
   OF
FASHION
 THIS
 YEAR
  THE
TOOTH
FAIRY
FORGOT
   TO
 COME
 WHEN
ROGER'S
TOOTH
 FELL
  OUT
 THAT
DIAGRAM
MAKES
SENSE
 ONLY
AFTER
 MUCH
STUDY
  SHE
  HAD
 YOUR
 DARK
 SUIT
   IN
GREASY
 WASH
WATER
  ALL
 YEAR
DON'T
  ASK
   ME
   TO
CARRY
   AN
 OILY
  RAG
 LIKE
 THAT
  SHE
 BLEW
  HER
 NOSE
   ON
    A
TISSUE
  AND
OPENED
  THE
 COKE
BOTTLE
THERE
   IS
  NOT
SPACE
   TO
 HOLD
   OR
FORCE
   TO
GUARD
  ANY
INCREASED
NUMBER
   OF
PRISONERS
  YES
  SIR
  SHE
 SAID
   IS
 THAT
DEFINITE
ARTIFICIAL
INTELLIGENCE
   IS
  FOR
 REAL
  THE
SMALL
  BOY
  PUT
  THE
 WORM
   ON
  THE
 HOOK
    A
CHOSEN
  FEW
 WILL
BECOME
GENERALS
 ONLY
  THE
 MOST
ACCOMPLISHED
ARTISTS
OBTAIN
POPULARITY
  THE
 FISH
BEGAN
   TO
 LEAP
FRANTICALLY
   ON
  THE
SURFACE
   OF
  THE
SMALL
 LAKE
  SHE
  HAD
 YOUR
 DARK
 SUIT
   IN
GREASY
 WASH
WATER
  ALL
 YEAR
DON'T
  ASK
   ME
   TO
CARRY
   AN
 OILY
  RAG
 LIKE
 THAT
   IT
  WAS
    A
FAIRLY
MODERN
MOTEL
 WITH
QUITE
    A
  BIT
   OF
ELECTRICAL
DISPLAY
   IN
FRONT
 LOOK
SWEETHEART
 SOME
 FOOL
  WAS
 VIEW
TAKES
   IN
 FIVE
COUNTIES
  TWO
BEDROOMS
COMBINE
  ALL
  THE
INGREDIENTS
   IN
    A
LARGE
 BOWL
  ROB
  SAT
   BY
  THE
 POND
  AND
SKETCHED
  THE
STRAY
GEESE
  BEG
 THAT
GUARD
  FOR
  ONE
GALLON
   OF
  GAS
  I'D
RATHER
  NOT
  BUY
THESE
SHOES
 THAN
   BE
OVERCHARGED
  HER
RIGHT
 HAND
ACHES
WHENEVER
  THE
BAROMETRIC
PRESSURE
CHANGES
  SHE
  HAD
 YOUR
 DARK
 SUIT
   IN
GREASY
 WASH
WATER
  ALL
 YEAR
DON'T
  ASK
   ME
   TO
CARRY
   AN
 OILY
  RAG
 LIKE
 THAT
PERHAPS
THINGS
 WERE
 EVEN
WORSE
 THEN
DEANS
  CAN
 FORM
   AN
IMPORTANT
BRIDGE
BETWEEN
  THE
PRESIDENT
  AND
  THE
FACULTY
   HE
FURTHER
PROPOSED
GRANTS
   OF
   AN
UNSPECIFIED
  SUM
  FOR
EXPERIMENTAL
HOSPITALS
DESTROY
EVERY
 FILE
RELATED
   TO
   MY
AUDITS
ALICE'S
ABILITY
   TO
 WORK
WITHOUT
SUPERVISION
   IS
NOTEWORTHY
  BOB
PAPERED
 OVER
  THE
LIVING
 ROOM
MURALS
WHERE
 WERE
  YOU
WHILE
   WE
 WERE
 AWAY
MEDIEVAL
SOCIETY
  WAS
BASED
   ON
HIERARCHIES
  SHE
  HAD
 YOUR
 DARK
 SUIT
   IN
GREASY
 WASH
WATER
  ALL
 YEAR
DON'T
  ASK
   ME
   TO
CARRY
   AN
 OILY
  RAG
 LIKE
 THAT
 WHAT
ELEMENTS
   OF
  OUR
BEHAVIOR
  ARE
DECISIVE
    A
  NEW
 IDEA
DRIFTED
   IN
 FROM
NOWHERE
COULD
  THE
AMBASSADOR
HIMSELF
   BE
  THE
  MAN
   ON
 THIS
 SIDE
  THE
PRIME
MINISTER
FEARED
 CALL
   AN
AMBULANCE
  FOR
MEDICAL
ASSISTANCE
SWING
 YOUR
  ARM
   AS
 HIGH
   AS
  YOU
  CAN
  WHY
  BUY
  OIL
 WHEN
  YOU
ALWAYS
  USE
 MINE
PLANNED
PARENTHOOD
ORGANIZATIONS
PROMOTE
BIRTH
CONTROL
    A
BORING
NOVEL
   IS
    A
SUPERB
SLEEPING
 PILL
  SHE
  HAD
 YOUR
 DARK
 SUIT
   IN
GREASY
 WASH
WATER
  ALL
 YEAR
DON'T
  ASK
   ME
   TO
CARRY
   AN
 OILY
  RAG
 LIKE
 THAT
FAMILY
RATIONING
PROBABLY
 WILL
   BE
NECESSARY
   IT
  WAS
THERE
 THAT
  SHE
WOULD
 HAVE
   TO
ENACT
  HER
RENUNCIATION
  BEG
FORGIVENESS
   ON
THESE
 THEY
 FEEL
 THEY
  CAN
 RELY
  THE
EMBLEM
DEPICTS
  THE
ACROPOLIS
  ALL
AGLOW
MILITARY
PERSONNEL
  ARE
EXPECTED
   TO
 OBEY
GOVERNMENT
ORDERS
 ONLY
LAWYERS
 LOVE
MILLIONAIRES
   IF
CAROL
COMES
TOMORROW
 HAVE
  HER
ARRANGE
  FOR
    A
MEETING
   AT
  TWO
  HIS
SHOULDER
 FELT
   AS
   IF
   IT
 WERE
BROKEN
  SHE
  HAD
 YOUR
 DARK
 SUIT
   IN
GREASY
 WASH
WATER
  ALL
 YEAR
DON'T
  ASK
   ME
   TO
CARRY
   AN
 OILY
  RAG
 LIKE
 THAT
   SO
   IF
  ALL
THESE
BEERS
  WAS
   TO
  GET
   ME
   IN
  BED
  MAN
  YOU
 JUST
SPENT
    A
  LOT
   OF
MONEY
QUIETLY
   HE
DETERMINED
   TO
 FOIL
  HER
  HER
STUDY
   OF
HISTORY
  WAS
PERSISTENTLY
PURSUED
  THE
CAT'S
 MEOW
ALWAYS
HURTS
   MY
 EARS
CLIFF
  WAS
SOOTHED
   BY
  THE
LUXURIOUS
MASSAGE
 EACH
UNTIMELY
INCOME
 LOSS
COINCIDED
 WITH
  THE
BREAKDOWN
   OF
    A
HEATING
SYSTEM
 PART
 JANE
  MAY
 EARN
 MORE
MONEY
   BY
WORKING
 HARD
YOUNGSTERS
 LOVE
COMMON
CANDY
   AS
TREATS
  SHE
  HAD
 YOUR
 DARK
 SUIT
   IN
GREASY
 WASH
WATER
  ALL
 YEAR
DON'T
  ASK
   ME
   TO
CARRY
   AN
 OILY
  RAG
 LIKE
 THAT
  HAY
  AND
PASTURE
  ARE
  THE
OTHER
CHIEF
SOURCES
   OF
LIVESTOCK
 FEED
 SUCH
OPTIMISM
  WAS
COMPLETELY
UNJUSTIFIED
   IT
  ALL
  DID
 LOOK
 VERY
EFFICIENT
  AND
SHIPSHAPE
  THE
EMBLEM
DEPICTS
  THE
ACROPOLIS
  ALL
AGLOW
MILITARY
PERSONNEL
  ARE
EXPECTED
   TO
 OBEY
GOVERNMENT
ORDERS
 ONLY
LAWYERS
 LOVE
MILLIONAIRES
   IF
CAROL
COMES
TOMORROW
 HAVE
  HER
ARRANGE
  FOR
    A
MEETING
   AT
  TWO
  HIS
SHOULDER
 FELT
   AS
   IF
   IT
 WERE
BROKEN
  SHE
  HAD
 YOUR
 DARK
 SUIT
   IN
GREASY
 WASH
WATER
  ALL
 YEAR
DON'T
  ASK
   ME
   TO
CARRY
   AN
 OILY
  RAG
 LIKE
 THAT
  LET
   ME
QUOTE
  HIM
 EVEN
 MORE
FULLY
  FOR
  HIS
ANALYSIS
   IS
IMPORTANT
   TO
   MY
THEME
   HE
 SAID
  THE
CRAZY
 FOOL
 HALF
ALOUD
 BAKE
SLOWLY
   AT
LEAST
  ONE
 HALF
 HOUR
LONGER
DECEMBER
  AND
JANUARY
  ARE
 NICE
MONTHS
   TO
SPEND
   IN
MIAMI
  HOW
 GOOD
   IS
 YOUR
ENDURANCE
   IF
PEOPLE
 WERE
 MORE
GENEROUS
THERE
WOULD
   BE
   NO
 NEED
  FOR
WELFARE
 BARB
BURNED
PAPER
  AND
LEAVES
   IN
    A
  BIG
BONFIRE
BASKETBALL
  CAN
   BE
   AN
ENTERTAINING
SPORT
  SHE
  HAD
 YOUR
 DARK
 SUIT
   IN
GREASY
 WASH
WATER
  ALL
 YEAR
DON'T
  ASK
   ME
   TO
CARRY
   AN
 OILY
  RAG
 LIKE
 THAT
BRICKS
  ARE
   AN
ALTERNATIVE
  FAT
SHOWED
   IN
LOOSE
ROLLS
BENEATH
  THE
SHIRT
   IT
SUFFERS
 FROM
    A
 LACK
   OF
UNITY
   OF
PURPOSE
  AND
RESPECT
  FOR
HEROIC
LEADERSHIP
  SHE
SLIPPED
  AND
SPRAINED
  HER
ANKLE
   ON
  THE
STEEP
SLOPE
ALUMINUM
SILVERWARE
  CAN
OFTEN
   BE
FLIMSY
YOUNG
CHILDREN
SHOULD
AVOID
EXPOSURE
   TO
CONTAGIOUS
DISEASES
WEATHERPROOF
GALOSHES
  ARE
 VERY
USEFUL
   IN
SEATTLE
  PAM
GIVES
DRIVING
LESSONS
   ON
THURSDAYS
  SHE
  HAD
 YOUR
 DARK
 SUIT
   IN
GREASY
 WASH
WATER
  ALL
 YEAR
DON'T
  ASK
   ME
   TO
CARRY
   AN
 OILY
  RAG
 LIKE
 THAT
 MANY
SELECTIONS
  ARE
THEMSELVES
CONVINCING
CONTRIBUTIONS
   TO
 THIS
APPRAISAL
 THEY
 WENT
DOWNSTAIRS
LOADED
    A
 TRAY
LAVISHLY
NEVER
HAPPIER
   IN
   MY
 LIFE
  WHO
AUTHORIZED
  THE
UNLIMITED
EXPENSE
ACCOUNT
   TO
FURTHER
  HIS
PRESTIGE
   HE
OCCASIONALLY
READS
  THE
 WALL
STREET
JOURNAL
LORI'S
COSTUME
NEEDED
BLACK
GLOVES
   TO
   BE
COMPLETELY
ELEGANT
  WHY
 YELL
   OR
WORRY
 OVER
SILLY
ITEMS
GUESS
  THE
QUESTION
 FROM
  THE
ANSWER
  SHE
  HAD
 YOUR
 DARK
 SUIT
   IN
GREASY
 WASH
WATER
  ALL
 YEAR
DON'T
  ASK
   ME
   TO
CARRY
   AN
 OILY
  RAG
 LIKE
 THAT
  ONE
WONDERS
ABOUT
  ITS
APPLICABILITY
   TO
PEOPLE
   DO
  YOU
 KNOW
 WHAT
 THEY
THINK
   OF
   ME
 THIS
   IS
  NOT
    A
PROGRAM
   OF
SOCIALIZED
MEDICINE
  WHO
AUTHORIZED
  THE
UNLIMITED
EXPENSE
ACCOUNT
   TO
FURTHER
  HIS
PRESTIGE
   HE
OCCASIONALLY
READS
  THE
 WALL
STREET
JOURNAL
LORI'S
COSTUME
NEEDED
BLACK
GLOVES
   TO
   BE
COMPLETELY
ELEGANT
  WHY
 YELL
   OR
WORRY
 OVER
SILLY
ITEMS
GUESS
  THE
QUESTION
 FROM
  THE
ANSWER
  SHE
  HAD
 YOUR
 DARK
 SUIT
   IN
GREASY
 WASH
WATER
  ALL
 YEAR
DON'T
  ASK
   ME
   TO
CARRY
   AN
 OILY
  RAG
 LIKE
 THAT
POETS
MOREOVER
DWELL
   ON
HUMAN
PASSIONS
   IT
  WAS
  NOT
EXACTLY
PANIC
 THEY
 GAVE
  WAY
   TO
  BUT
 THEY
COULD
  NOT
 JUST
  SIT
THERE
   WE
  CAN
  DIE
  TOO
   WE
  CAN
  DIE
 LIKE
 REAL
PEOPLE
  THE
CLUMSY
CUSTOMER
SPILLED
 SOME
EXPENSIVE
PERFUME
  THE
VIEWPOINT
OVERLOOKED
  THE
OCEAN
PLEASE
  DIG
   MY
POTATOES
   UP
BEFORE
FROST
  I'D
 RIDE
  THE
SUBWAY
  BUT
    I
HAVEN'T
ENOUGH
CHANGE
GRANDMOTHER
OUTGREW
  HER
UPBRINGING
   IN
PETTICOATS
  SHE
  HAD
 YOUR
 DARK
 SUIT
   IN
GREASY
 WASH
WATER
  ALL
 YEAR
DON'T
  ASK
   ME
   TO
CARRY
   AN
 OILY
  RAG
 LIKE
 THAT
  THE
THEME
  MAY
   BE
  THE
FORMATION
   OF
    A
SHAPE
 FROM
WHICH
OTHER
SHAPES
EVOLVE
   HE
SPOKE
SOOTHINGLY
HERE'S
WHERE
 LUCK
WOULD
NORMALLY
 STEP
   IN
  THE
CAT'S
 MEOW
ALWAYS
HURTS
   MY
 EARS
CLIFF
  WAS
SOOTHED
   BY
  THE
LUXURIOUS
MASSAGE
 EACH
UNTIMELY
INCOME
 LOSS
COINCIDED
 WITH
  THE
BREAKDOWN
   OF
    A
HEATING
SYSTEM
 PART
 JANE
  MAY
 EARN
 MORE
MONEY
   BY
WORKING
 HARD
YOUNGSTERS
 LOVE
COMMON
CANDY
   AS
TREATS
  SHE
  HAD
 YOUR
 DARK
 SUIT
   IN
GREASY
 WASH
WATER
  ALL
 YEAR
DON'T
  ASK
   ME
   TO
CARRY
   AN
 OILY
  RAG
 LIKE
 THAT
 WHAT
SHALL
THESE
EFFECTS
   BE
THESE
PROGRAMS
EMPHASIZE
  THE
ACCEPTANCE
   OF
BIRACIAL
CLASSROOMS
PEACEFULLY
BONES
  AND
CARTILAGE
TRANSMIT
POORLY
  AND
 TEND
   TO
REFLECT
  THE
ULTRASONIC
SIGNALS
DESTROY
EVERY
 FILE
RELATED
   TO
   MY
AUDITS
ALICE'S
ABILITY
   TO
 WORK
WITHOUT
SUPERVISION
   IS
NOTEWORTHY
  BOB
PAPERED
 OVER
  THE
LIVING
 ROOM
MURALS
WHERE
 WERE
  YOU
WHILE
   WE
 WERE
 AWAY
MEDIEVAL
SOCIETY
  WAS
BASED
   ON
HIERARCHIES
  SHE
  HAD
 YOUR
 DARK
 SUIT
   IN
GREASY
 WASH
WATER
  ALL
 YEAR
DON'T
  ASK
   ME
   TO
CARRY
   AN
 OILY
  RAG
 LIKE
 THAT
  NOT
SURPRISINGLY
 THIS
APPROACH
  DID
  NOT
 WORK
  ONE
THING
   HE
THOUGHT
NOBODY
KNOWS
ABOUT
   IT
  YET
   IN
SHORT
  AND
   TO
BORROW
   AN
ARBOREAL
PHRASE
SLASH
TIMBER
  THE
SOUND
   OF
JENNIFER'S
BUGLE
SCARED
  THE
ANTELOPE
HIGHWAY
  AND
FREEWAY
 MEAN
  THE
 SAME
THING
  THE
  FOG
PREVENTED
 THEM
 FROM
ARRIVING
   ON
 TIME
DAPHNE'S
SWEDISH
NEEDLEPOINT
SCARF
MATCHED
  HER
SKIRT
 EVEN
    A
SIMPLE
VOCABULARY
CONTAINS
SYMBOLS
  SHE
  HAD
 YOUR
 DARK
 SUIT
   IN
GREASY
 WASH
WATER
  ALL
 YEAR
DON'T
  ASK
   ME
   TO
CARRY
   AN
 OILY
  RAG
 LIKE
 THAT
PROPERLY
 USED
  THE
PRESENT
 BOOK
   IS
   AN
EXCELLENT
INSTRUMENT
   OF
ENLIGHTENMENT
PRESENTLY
  HIS
WATER
BROTHER
 SAID
BREATHLESSLY
   IS
  THE
MOTHER
   OF
   AN
AUTISTIC
CHILD
   AT
FAULT
KINDERGARTEN
CHILDREN
DECORATE
THEIR
CLASSROOMS
  FOR
  ALL
HOLIDAYS
   HE
 WILL
ALLOW
    A
 RARE
  LIE
WITHDRAW
  ALL
PHONY
ACCUSATIONS
   AT
 ONCE
 CORY
  AND
TRISH
PLAYED
  TAG
 WITH
BEACH
BALLS
  FOR
HOURS
RIGHT
  NOW
  MAY
  NOT
   BE
  THE
 BEST
 TIME
  FOR
BUSINESS
MERGERS
  SHE
  HAD
 YOUR
 DARK
 SUIT
   IN
GREASY
 WASH
WATER
  ALL
 YEAR
DON'T
  ASK
   ME
   TO
CARRY
   AN
 OILY
  RAG
 LIKE
 THAT
STUDENTS'
CHOICES
   OF
IDEAL
EDUCATIONAL
GOALS
  ARE
  NOT
ARBITRARY
   OR
WHIMSICAL
   HE
REMEMBERED
 THEM
 WELL
 FROM
  HIS
HAPPY
PERIOD
 MORE
   HE
COULD
 TAKE
   AT
LEISURE
  THE
BUNGALOW
  WAS
PLEASANTLY
SITUATED
 NEAR
  THE
SHORE
  ARE
  YOU
LOOKING
  FOR
EMPLOYMENT
    A
  BIG
 GOAT
 IDLY
AMBLED
THROUGH
  THE
FARMYARD
EATING
SPINACH
NIGHTLY
INCREASES
STRENGTH
MIRACULOUSLY
   AT
TWILIGHT
   ON
  THE
TWELFTH
  DAY
WE'LL
 HAVE
CHABLIS
  SHE
  HAD
 YOUR
 DARK
 SUIT
   IN
GREASY
 WASH
WATER
  ALL
 YEAR
DON'T
  ASK
   ME
   TO
CARRY
   AN
 OILY
  RAG
 LIKE
 THAT
   HE
ADMITTED
  HIS
BEHAVIOR
  AND
DEFENDED
   IT
 KEEP
  THE
DESSERTS
SIMPLE
FRUIT
 DOES
NICELY
  NEW
IDEAS
  FOR
IMPROVING
NUTRITION
 CAME
 WITH
  THE
STUDY
   OF
 SOIL
TREATMENT
  SHE
SLIPPED
  AND
SPRAINED
  HER
ANKLE
   ON
  THE
STEEP
SLOPE
ALUMINUM
SILVERWARE
  CAN
OFTEN
   BE
FLIMSY
YOUNG
CHILDREN
SHOULD
AVOID
EXPOSURE
   TO
CONTAGIOUS
DISEASES
WEATHERPROOF
GALOSHES
  ARE
 VERY
USEFUL
   IN
SEATTLE
  PAM
GIVES
DRIVING
LESSONS
   ON
THURSDAYS
  SHE
  HAD
 YOUR
 DARK
 SUIT
   IN
GREASY
 WASH
WATER
  ALL
 YEAR
DON'T
  ASK
   ME
   TO
CARRY
   AN
 OILY
  RAG
 LIKE
 THAT
 THIS
   IS
ESPECIALLY
 TRUE
  FOR
KNITTED
FABRICS
   IF
   HE
 EVER
  DID
 SUCH
    A
THING
AGAIN
SHE'D
  DIE
   OF
SHAME
 WHAT
   IT
 DOES
STIMULATES
RUMEN
ACTIVITY
  SHE
SLIPPED
  AND
SPRAINED
  HER
ANKLE
   ON
  THE
STEEP
SLOPE
ALUMINUM
SILVERWARE
  CAN
OFTEN
   BE
FLIMSY
YOUNG
CHILDREN
SHOULD
AVOID
EXPOSURE
   TO
CONTAGIOUS
DISEASES
WEATHERPROOF
GALOSHES
  ARE
 VERY
USEFUL
   IN
SEATTLE
  PAM
GIVES
DRIVING
LESSONS
   ON
THURSDAYS
  SHE
  HAD
 YOUR
 DARK
 SUIT
   IN
GREASY
 WASH
WATER
  ALL
 YEAR
DON'T
  ASK
   ME
   TO
CARRY
   AN
 OILY
  RAG
 LIKE
 THAT
 WHAT
FACTORS
CONDITION
  THE
DEGREE
   OF
REALIZATION
   AT
VARIOUS
TIMES
  AND
PLACES
THAT'LL
   BE
PLENTY
   TO
  EAT
   BY
  YOU
CERTAINLY
CAN'T
EXPECT
  THE
INFIELD
   TO
   DO
  ANY
BETTER
 THAN
   IT
  DID
 LAST
 YEAR
  ARE
 YOUR
GRADES
HIGHER
   OR
LOWER
 THAN
NANCY'S
PROJECT
DEVELOPMENT
  WAS
PROCEEDING
  TOO
SLOWLY
SERVE
  THE
COLESLAW
AFTER
    I
  ADD
  THE
  OIL
  THE
OASIS
  WAS
    A
MIRAGE
 THAT
NOISE
PROBLEM
GROWS
 MORE
ANNOYING
 EACH
  DAY
  SHE
  HAD
 YOUR
 DARK
 SUIT
   IN
GREASY
 WASH
WATER
  ALL
 YEAR
DON'T
  ASK
   ME
   TO
CARRY
   AN
 OILY
  RAG
 LIKE
 THAT
 DOES
SOCIETY
REALLY
EXIST
   AS
   AN
ENTITY
 OVER
  AND
ABOVE
  THE
AGGLOMERATION
   OF
  MAN
    A
 NOTE
   OF
  AWE
 CAME
 INTO
  HIS
VOICE
  SET
ASIDE
   TO
  DRY
 WITH
  LID
   ON
SUGAR
 BOWL
  THE
BUNGALOW
  WAS
PLEASANTLY
SITUATED
 NEAR
  THE
SHORE
  ARE
  YOU
LOOKING
  FOR
EMPLOYMENT
    A
  BIG
 GOAT
 IDLY
AMBLED
THROUGH
  THE
FARMYARD
EATING
SPINACH
NIGHTLY
INCREASES
STRENGTH
MIRACULOUSLY
   AT
TWILIGHT
   ON
  THE
TWELFTH
  DAY
WE'LL
 HAVE
CHABLIS
  SHE
  HAD
 YOUR
 DARK
 SUIT
   IN
GREASY
 WASH
WATER
  ALL
 YEAR
DON'T
  ASK
   ME
   TO
CARRY
   AN
 OILY
  RAG
 LIKE
 THAT
BRING
   ME
  THE
FIRECRACKERS
  THE
SHELTER
SHOWN
WOULD
PROVIDE
ALMOST
ABSOLUTE
FALLOUT
PROTECTION
   HE
LIVED
  AND
BREATHED
  FOR
  THE
MINING
COMPANY
  THE
 BEST
  WAY
   TO
LEARN
   IS
   TO
SOLVE
EXTRA
PROBLEMS
  SHE
 WORE
 WARM
FLEECY
WOOLEN
OVERALLS
RALPH
CONTROLLED
  THE
STOPWATCH
 FROM
  THE
BLEACHERS
 THIS
BROCHURE
   IS
PARTICULARLY
INFORMATIVE
  FOR
    A
PROSPECTIVE
BUYER
  WHY
CHARGE
MONEY
  FOR
 SUCH
GARBAGE
  SHE
  HAD
 YOUR
 DARK
 SUIT
   IN
GREASY
 WASH
WATER
  ALL
 YEAR
DON'T
  ASK
   ME
   TO
CARRY
   AN
 OILY
  RAG
 LIKE
 THAT
REGULATIVE
NORMS
GOVERNING
SUBGROUPS
  AND
ROLES
 EYES
 LIKE
  HOT
HONEY
 EYES
 THAT
SIZZLED
    A
SPRING
 TRAP
  FOR
SOLID
MOUNTING
  AND
    A
REGULAR
 HAND
 TRAP
  ARE
 ALSO
AVAILABLE
  DID
  YOU
  BUY
  ANY
CORDUROY
OVERALLS
STEVE
 WORE
    A
BRIGHT
  RED
CASHMERE
SWEATER
  THE
GUNMAN
 KEPT
  HIS
VICTIM
CORNERED
   AT
GUNPOINT
  FOR
THREE
HOURS
  SHE
   IS
THINNER
 THAN
    I
   AM
IGUANAS
  AND
ALLIGATORS
  ARE
TROPICAL
REPTILES
  SHE
  HAD
 YOUR
 DARK
 SUIT
   IN
GREASY
 WASH
WATER
  ALL
 YEAR
DON'T
  ASK
   ME
   TO
CARRY
   AN
 OILY
  RAG
 LIKE
 THAT
   IT
   IS
  AWE
INSPIRING
ACTUALLY
 THEY
 SAID
   HE
  DID
SLEEP
  BUT
   SO
SHORTLY
  AND
FITFULLY
 THAT
   HE
FORGOT
   AT
RIGHT
   IS
    A
CASUAL
STYLE
   IN
    A
CRUSHED
UNLINED
WHITE
LEATHER
COMBINE
  ALL
  THE
INGREDIENTS
   IN
    A
LARGE
 BOWL
  ROB
  SAT
   BY
  THE
 POND
  AND
SKETCHED
  THE
STRAY
GEESE
  BEG
 THAT
GUARD
  FOR
  ONE
GALLON
   OF
  GAS
  I'D
RATHER
  NOT
  BUY
THESE
SHOES
 THAN
   BE
OVERCHARGED
  HER
RIGHT
 HAND
ACHES
WHENEVER
  THE
BAROMETRIC
PRESSURE
CHANGES
  SHE
  HAD
 YOUR
 DARK
 SUIT
   IN
GREASY
 WASH
WATER
  ALL
 YEAR
DON'T
  ASK
   ME
   TO
CARRY
   AN
 OILY
  RAG
 LIKE
 THAT
 THEY
 ALSO
 WANT
MONEY
PRESTIGE
  AND
SECURITY
    A
 GOOD
MORROW
   TO
  YOU
   MY
  BOY
BRIDGES
TUNNELS
  AND
FERRIES
  ARE
  THE
 MOST
COMMON
METHODS
   OF
RIVER
CROSSINGS
AGRICULTURAL
PRODUCTS
  ARE
UNEVENLY
DISTRIBUTED
ALLOW
LEEWAY
 HERE
  BUT
RATIONALIZE
  ALL
ERRORS
  THE
NEAREST
SYNAGOGUE
  MAY
  NOT
   BE
WITHIN
WALKING
DISTANCE
 GREG
 BUYS
FRESH
 MILK
 EACH
WEEKDAY
MORNING
CATASTROPHIC
ECONOMIC
CUTBACKS
NEGLECT
  THE
 POOR
  SHE
  HAD
 YOUR
 DARK
 SUIT
   IN
GREASY
 WASH
WATER
  ALL
 YEAR
DON'T
  ASK
   ME
   TO
CARRY
   AN
 OILY
  RAG
 LIKE
 THAT
 THIS
   IS
   MY
  HEN
LEDGER
   HE
INFORMED
  HIM
   IN
   AN
ABSORBED
  WAY
  YOU
 WERE
   IN
    A
HURRY
WEREN'T
  YOU
  YET
 THEY
THRIVED
   ON
   IT
  WHO
AUTHORIZED
  THE
UNLIMITED
EXPENSE
ACCOUNT
   TO
FURTHER
  HIS
PRESTIGE
   HE
OCCASIONALLY
READS
  THE
 WALL
STREET
JOURNAL
LORI'S
COSTUME
NEEDED
BLACK
GLOVES
   TO
   BE
COMPLETELY
ELEGANT
  WHY
 YELL
   OR
WORRY
 OVER
SILLY
ITEMS
GUESS
  THE
QUESTION
 FROM
  THE
ANSWER
  SHE
  HAD
 YOUR
 DARK
 SUIT
   IN
GREASY
 WASH
WATER
  ALL
 YEAR
DON'T
  ASK
   ME
   TO
CARRY
   AN
 OILY
  RAG
 LIKE
 THAT
CEREAL
GRAINS
 HAVE
 BEEN
 USED
  FOR
CENTURIES
   TO
PREPARE
FERMENTED
BEVERAGES
NURSES'
TRAINING
 HERE
DOESN'T
 COST
ANYTHING
   IT
  ALL
SEEMED
RATHER
HOPELESS
    A
MUSCULAR
ABDOMEN
   IS
 GOOD
  FOR
 YOUR
 BACK
  THE
CAUSEWAY
ENDED
ABRUPTLY
   AT
  THE
SHORE
THOSE
MUSICIANS
HARMONIZE
MARVELOUSLY
PLEASE
 TAKE
 THIS
DIRTY
TABLE
CLOTH
   TO
  THE
CLEANERS
  FOR
   ME
  THE
CARPET
CLEANERS
SHAMPOOED
  OUR
ORIENTAL
  RUG
  SHE
  HAD
 YOUR
 DARK
 SUIT
   IN
GREASY
 WASH
WATER
  ALL
 YEAR
DON'T
  ASK
   ME
   TO
CARRY
   AN
 OILY
  RAG
 LIKE
 THAT
 THIS
GROUP
   IS
SECULARIST
  AND
THEIR
PROGRAM
TENDS
   TO
   BE
TECHNOLOGICAL
  GOT
    A
 HECK
   OF
    A
  BUY
   ON
 THIS
 DIRT
CHEAP
  THE
SCALLOPED
 EDGE
   IS
PARTICULARLY
APPEALING
  THE
BUNGALOW
  WAS
PLEASANTLY
SITUATED
 NEAR
  THE
SHORE
  ARE
  YOU
LOOKING
  FOR
EMPLOYMENT
    A
  BIG
 GOAT
 IDLY
AMBLED
THROUGH
  THE
FARMYARD
EATING
SPINACH
NIGHTLY
INCREASES
STRENGTH
MIRACULOUSLY
   AT
TWILIGHT
   ON
  THE
TWELFTH
  DAY
WE'LL
 HAVE
CHABLIS
  SHE
  HAD
 YOUR
 DARK
 SUIT
   IN
GREASY
 WASH
WATER
  ALL
 YEAR
DON'T
  ASK
   ME
   TO
CARRY
   AN
 OILY
  RAG
 LIKE
 THAT
   HE
  MAY
 TOSS
COINS
   HE
  MAY
 TAKE
SLIPS
PAPER
 FROM
    A
 GRAB
  BAG
WITHIN
 THIS
FRAMEWORK
 WHAT
FOLLOWED
  WAS
STRAINED
 EVEN
MACABRE
  ONE
VALIDATED
 ACTS
   OF
SCHOOL
DISTRICTS
  DID
  YOU
  BUY
  ANY
CORDUROY
OVERALLS
STEVE
 WORE
    A
BRIGHT
  RED
CASHMERE
SWEATER
  THE
GUNMAN
 KEPT
  HIS
VICTIM
CORNERED
   AT
GUNPOINT
  FOR
THREE
HOURS
  SHE
   IS
THINNER
 THAN
    I
   AM
IGUANAS
  AND
ALLIGATORS
  ARE
TROPICAL
REPTILES
  SHE
  HAD
 YOUR
 DARK
 SUIT
   IN
GREASY
 WASH
WATER
  ALL
 YEAR
DON'T
  ASK
   ME
   TO
CARRY
   AN
 OILY
  RAG
 LIKE
 THAT
  WHY
SHOULD
 THIS
   BE
   SO
  ALL
  THE
WHILE
  SHE
  SAT
THERE
  HER
SINEWY
 ARMS
SWIRLED
BEFORE
  HER
CHEST
  THE
TARGET
CHART
QUICKLY
  AND
BRIEFLY
TELLS
  YOU
WHICH
ADDITIVES
   DO
 WHAT
KINDERGARTEN
CHILDREN
DECORATE
THEIR
CLASSROOMS
  FOR
  ALL
HOLIDAYS
   HE
 WILL
ALLOW
    A
 RARE
  LIE
WITHDRAW
  ALL
PHONY
ACCUSATIONS
   AT
 ONCE
 CORY
  AND
TRISH
PLAYED
  TAG
 WITH
BEACH
BALLS
  FOR
HOURS
RIGHT
  NOW
  MAY
  NOT
   BE
  THE
 BEST
 TIME
  FOR
BUSINESS
MERGERS
  SHE
  HAD
 YOUR
 DARK
 SUIT
   IN
GREASY
 WASH
WATER
  ALL
 YEAR
DON'T
  ASK
   ME
   TO
CARRY
   AN
 OILY
  RAG
 LIKE
 THAT
SOLAR
ACTIVITIES
COULD
PRESUMABLY
BRING
 LONG
PERIODS
   OF
FLOOD
   OR
DROUGHT
 COME
 HOME
RIGHT
 AWAY
  DAY
AFTER
  DAY
 SOME
  NEW
EPISODE
   IS
REPORTED
KINDERGARTEN
CHILDREN
DECORATE
THEIR
CLASSROOMS
  FOR
  ALL
HOLIDAYS
   HE
 WILL
ALLOW
    A
 RARE
  LIE
WITHDRAW
  ALL
PHONY
ACCUSATIONS
   AT
 ONCE
 CORY
  AND
TRISH
PLAYED
  TAG
 WITH
BEACH
BALLS
  FOR
HOURS
RIGHT
  NOW
  MAY
  NOT
   BE
  THE
 BEST
 TIME
  FOR
BUSINESS
MERGERS
  SHE
  HAD
 YOUR
 DARK
 SUIT
   IN
GREASY
 WASH
WATER
  ALL
 YEAR
DON'T
  ASK
   ME
   TO
CARRY
   AN
 OILY
  RAG
 LIKE
 THAT
 MANY
SCOURING
POWDERS
  NOW
 ALSO
CONTAIN
PHOSPHATES
   HE
  WAS
 ONLY
VAGUELY
AWARE
   OF
  THE
SLUICING
 RAIN
   NO
POLITICAL
ORDER
   OR
ECONOMIC
SYSTEM
   IS
   SO
CLEARLY
CONTRARY
   TO
NATURE
AGRICULTURAL
PRODUCTS
  ARE
UNEVENLY
DISTRIBUTED
ALLOW
LEEWAY
 HERE
  BUT
RATIONALIZE
  ALL
ERRORS
  THE
NEAREST
SYNAGOGUE
  MAY
  NOT
   BE
WITHIN
WALKING
DISTANCE
 GREG
 BUYS
FRESH
 MILK
 EACH
WEEKDAY
MORNING
CATASTROPHIC
ECONOMIC
CUTBACKS
NEGLECT
  THE
 POOR
  SHE
  HAD
 YOUR
 DARK
 SUIT
   IN
GREASY
 WASH
WATER
  ALL
 YEAR
DON'T
  ASK
   ME
   TO
CARRY
   AN
 OILY
  RAG
 LIKE
 THAT
 SOME
   OF
THESE
SPECULATIONS
  MAY
 HAVE
 SOME
MERIT
OTHERS
  ARE
SOMEWHAT
AMBIGUOUS
SHOULD
  SHE
 WAKE
  HIM
   DO
AVOID
PUNCTURING
   OR
CUTTING
 INTO
MEATS
 TEST
 THEM
 CALL
   AN
AMBULANCE
  FOR
MEDICAL
ASSISTANCE
SWING
 YOUR
  ARM
   AS
 HIGH
   AS
  YOU
  CAN
  WHY
  BUY
  OIL
 WHEN
  YOU
ALWAYS
  USE
 MINE
PLANNED
PARENTHOOD
ORGANIZATIONS
PROMOTE
BIRTH
CONTROL
    A
BORING
NOVEL
   IS
    A
SUPERB
SLEEPING
 PILL
  SHE
  HAD
 YOUR
 DARK
 SUIT
   IN
GREASY
 WASH
WATER
  ALL
 YEAR
DON'T
  ASK
   ME
   TO
CARRY
   AN
 OILY
  RAG
 LIKE
 THAT
   IN
SHORT
SCIENTIFIC
SAMPLING
  WAS
INTRODUCED
   IN
PLACE
   OF
SUBJECTIVE
SAMPLING
ACCIDENT
MURDER
SUICIDE
 TAKE
 YOUR
 PICK
 BEST
SOLUTION
   IS
   TO
 FIND
   AN
 AREA
 THAT
   IS
PREDOMINANTLY
SUNLIGHT
   OR
SHADE
DESTROY
EVERY
 FILE
RELATED
   TO
   MY
AUDITS
ALICE'S
ABILITY
   TO
 WORK
WITHOUT
SUPERVISION
   IS
NOTEWORTHY
  BOB
PAPERED
 OVER
  THE
LIVING
 ROOM
MURALS
WHERE
 WERE
  YOU
WHILE
   WE
 WERE
 AWAY
MEDIEVAL
SOCIETY
  WAS
BASED
   ON
HIERARCHIES
  SHE
  HAD
 YOUR
 DARK
 SUIT
   IN
GREASY
 WASH
WATER
  ALL
 YEAR
DON'T
  ASK
   ME
   TO
CARRY
   AN
 OILY
  RAG
 LIKE
 THAT
  THE
RAMIFICATIONS
   OF
  THE
ISSUE
  ARE
ENORMOUS
 THEY
DON'T
   GO
  FOR
 BULL
 LIKE
MUSCLE
   AS
    A
 RULE
 TRIM
EXCESS
 CLAY
 FROM
AROUND
  LIP
   OF
 MOLD
  AND
  SET
ASIDE
WHILE
ASSEMBLING
  LID
DECEMBER
  AND
JANUARY
  ARE
 NICE
MONTHS
   TO
SPEND
   IN
MIAMI
  HOW
 GOOD
   IS
 YOUR
ENDURANCE
   IF
PEOPLE
 WERE
 MORE
GENEROUS
THERE
WOULD
   BE
   NO
 NEED
  FOR
WELFARE
 BARB
BURNED
PAPER
  AND
LEAVES
   IN
    A
  BIG
BONFIRE
BASKETBALL
  CAN
   BE
   AN
ENTERTAINING
SPORT
  SHE
  HAD
 YOUR
 DARK
 SUIT
   IN
GREASY
 WASH
WATER
  ALL
 YEAR
DON'T
  ASK
   ME
   TO
CARRY
   AN
 OILY
  RAG
 LIKE
 THAT
   WE
   OF
  THE
LIBERAL
  LED
WORLD
  GOT
  ALL
  SET
  FOR
PEACE
  AND
REHABILITATION
  HIS
SARCASM
  WAS
FOLLOWED
   BY
    A
STUPID
 GRIN
   OF
  HIS
THICK
MOUTH
  AND
  BAD
TEETH
OFFICIALS
 MEET
   ON
RUBBISH
TRADITION
REQUIRES
PARENTAL
APPROVAL
  FOR
UNDER
  AGE
MARRIAGE
 IT'S
HEALTHIER
   TO
 COOK
WITHOUT
SUGAR
  THE
CRANBERRY
  BOG
 GETS
 VERY
PRETTY
   IN
AUTUMN
LAUGH
DANCE
  AND
 SING
   IF
FORTUNE
SMILES
 UPON
  YOU
  MOM
STRONGLY
DISLIKES
APPETIZERS
  SHE
  HAD
 YOUR
 DARK
 SUIT
   IN
GREASY
 WASH
WATER
  ALL
 YEAR
DON'T
  ASK
   ME
   TO
CARRY
   AN
 OILY
  RAG
 LIKE
 THAT
  THE
PLAINTIFF
   IN
SCHOOL
DESEGREGATION
CASES
 THEY
 CAME
 UPON
CHEETAL
 DEER
   AT
WOODLAND
POOLS
 TRIM
 AWAY
EXCESS
 CLAY
REINFORCE
 SEAM
 WITH
    A
 COIL
   OF
 CLAY
TRADITION
REQUIRES
PARENTAL
APPROVAL
  FOR
UNDER
  AGE
MARRIAGE
 IT'S
HEALTHIER
   TO
 COOK
WITHOUT
SUGAR
  THE
CRANBERRY
  BOG
 GETS
 VERY
PRETTY
   IN
AUTUMN
LAUGH
DANCE
  AND
 SING
   IF
FORTUNE
SMILES
 UPON
  YOU
  MOM
STRONGLY
DISLIKES
APPETIZERS
  SHE
  HAD
 YOUR
 DARK
 SUIT
   IN
GREASY
 WASH
WATER
  ALL
 YEAR
DON'T
  ASK
   ME
   TO
CARRY
   AN
 OILY
  RAG
 LIKE
 THAT
 THIS
   IS
KNOWN
   AS
CONFORMATIONAL
ENTROPY
  THE
CLEARLY
IDENTIFIABLE
ENEMY
CONTINUED
   ON
   AS
   IF
   NO
  ONE
 ELSE
 WERE
AROUND
COMPARABLE
TRENDS
  CAN
   BE
NOTED
ELSEWHERE
TRADITION
REQUIRES
PARENTAL
APPROVAL
  FOR
UNDER
  AGE
MARRIAGE
 IT'S
HEALTHIER
   TO
 COOK
WITHOUT
SUGAR
  THE
CRANBERRY
  BOG
 GETS
 VERY
PRETTY
   IN
AUTUMN
LAUGH
DANCE
  AND
 SING
   IF
FORTUNE
SMILES
 UPON
  YOU
  MOM
STRONGLY
DISLIKES
APPETIZERS
  SHE
  HAD
 YOUR
 DARK
 SUIT
   IN
GREASY
 WASH
WATER
  ALL
 YEAR
DON'T
  ASK
   ME
   TO
CARRY
   AN
 OILY
  RAG
 LIKE
 THAT
   IT
  CAN
PROJECT
 LONG
RANGE
GOALS
  FOR
ITSELF
   HE
  WAS
GIFTED
 WITH
ANIMAL
MAGNETISM
  AND
    A
POTENT
ALLURE
  FOR
WOMEN
   OF
  ANY
 RACE
 VERY
AUSTERE
  YET
 RACY
  THE
SOUND
   OF
JENNIFER'S
BUGLE
SCARED
  THE
ANTELOPE
HIGHWAY
  AND
FREEWAY
 MEAN
  THE
 SAME
THING
  THE
  FOG
PREVENTED
 THEM
 FROM
ARRIVING
   ON
 TIME
DAPHNE'S
SWEDISH
NEEDLEPOINT
SCARF
MATCHED
  HER
SKIRT
 EVEN
    A
SIMPLE
VOCABULARY
CONTAINS
SYMBOLS
  SHE
  HAD
 YOUR
 DARK
 SUIT
   IN
GREASY
 WASH
WATER
  ALL
 YEAR
DON'T
  ASK
   ME
   TO
CARRY
   AN
 OILY
  RAG
 LIKE
 THAT
   WE
  MAY
  SAY
 THAT
  HIS
PROBLEM
  WAS
DIAGNOSED
  BUT
 THAT
   HE
REFUSED
TREATMENT
   WE
  CAN
  GET
   IT
   IF
   WE
  DIG
   HE
 SAID
PATIENTLY
   DO
WITHOUT
FANCY
TABLECLOTHS
  THE
 BEST
  WAY
   TO
LEARN
   IS
   TO
SOLVE
EXTRA
PROBLEMS
  SHE
 WORE
 WARM
FLEECY
WOOLEN
OVERALLS
RALPH
CONTROLLED
  THE
STOPWATCH
 FROM
  THE
BLEACHERS
 THIS
BROCHURE
   IS
PARTICULARLY
INFORMATIVE
  FOR
PROSPECTIVE
BUYER
  WHY
CHARGE
MONEY
  FOR
 SUCH
GARBAGE
  SHE
  HAD
 YOUR
 DARK
 SUIT
   IN
GREASY
 WASH
WATER
  ALL
 YEAR
DON'T
  ASK
   ME
   TO
CARRY
   AN
 OILY
  RAG
 LIKE
 THAT
MAYBE
TODAY'LL
   BE
    A
 GOOD
 NEWS
  DAY
  SHE
SPOUTED
    A
MOUTHFUL
   OF
WATER
 INTO
  THE
  AIR
  TOO
 MANY
  NEW
THINGS
  ARE
HAPPENING
  FOR
   IT
   TO
   BE
    A
COMPLETE
EROTIC
FULFILLMENT
  THE
 BEST
  WAY
   TO
LEARN
   IS
   TO
SOLVE
EXTRA
PROBLEMS
  SHE
 WORE
 WARM
FLEECY
WOOLEN
OVERALLS
RALPH
CONTROLLED
  THE
STOPWATCH
 FROM
  THE
BLEACHERS
 THIS
BROCHURE
   IS
PARTICULARLY
INFORMATIVE
  FOR
    A
PROSPECTIVE
BUYER
  WHY
CHARGE
MONEY
  FOR
 SUCH
GARBAGE
  SHE
  HAD
 YOUR
 DARK
 SUIT
   IN
GREASY
 WASH
WATER
  ALL
 YEAR
DON'T
  ASK
   ME
   TO
CARRY
   AN
 OILY
  RAG
 LIKE
 THAT
 SOON
  THE
OFFICE
 WORK
CLAIMED
  ALL
  HER
 TIME
 NEXT
  THE
  HEN
  WAS
NESTED
  AND
  ALL
SEEMED
 WELL
HEAVY
INDUSTRY
SLANTED
TOWARD
INEXHAUSTIBLE
GOVERNMENT
COFFERS
ATTRACTED
  HIM
  ARE
 YOUR
GRADES
HIGHER
   OR
LOWER
 THAN
NANCY'S
PROJECT
DEVELOPMENT
  WAS
PROCEEDING
  TOO
SLOWLY
SERVE
  THE
COLESLAW
AFTER
    I
  ADD
  THE
  OIL
  THE
OASIS
  WAS
    A
MIRAGE
 THAT
NOISE
PROBLEM
GROWS
 MORE
ANNOYING
 EACH
  DAY
  SHE
  HAD
 YOUR
 DARK
 SUIT
   IN
GREASY
 WASH
WATER
  ALL
 YEAR
DON'T
  ASK
   ME
   TO
CARRY
   AN
 OILY
  RAG
 LIKE
 THAT
   IN
 WHAT
 WAYS
 THEN
  DID
  THE
PATIENT'S
PSYCHICAL
BLINDNESS
MANIFEST
ITSELF
   IT
WOULD
   BE
    A
COLOSSAL
SHAME
   TO
THROW
 AWAY
    A
STORY
 LIKE
 THIS
  LET
  ALL
PROJECTS
  DRY
SLOWLY
  FOR
SEVERAL
 DAYS
  THE
SOUND
   OF
JENNIFER'S
BUGLE
SCARED
  THE
ANTELOPE
HIGHWAY
  AND
FREEWAY
 MEAN
  THE
 SAME
THING
  THE
  FOG
PREVENTED
 THEM
 FROM
ARRIVING
   ON
 TIME
DAPHNE'S
SWEDISH
NEEDLEPOINT
SCARF
MATCHED
  HER
SKIRT
 EVEN
    A
SIMPLE
VOCABULARY
CONTAINS
SYMBOLS
  SHE
  HAD
 YOUR
 DARK
 SUIT
   IN
GREASY
 WASH
WATER
  ALL
 YEAR
DON'T
  ASK
   ME
   TO
CARRY
   AN
 OILY
  RAG
 LIKE
 THAT
  FOR
  THE
UNSEEN
GHOSTLIKE
RIFLEMAN
AIMED
    A
LITTLE
HIGHER
  THE
THIRD
 TIME
   IT
SOUNDED
SILLY
  WHY
   GO
   ON
   AN
OCTILLION
ATOMS
  NOW
  LET
   US
  SEE
WHERE
 THIS
POWER
COMES
 FROM
  THE
SOUND
   OF
JENNIFER'S
BUGLE
SCARED
  THE
ANTELOPE
HIGHWAY
  AND
FREEWAY
 MEAN
  THE
 SAME
THING
  THE
  FOG
PREVENTED
 THEM
 FROM
ARRIVING
   ON
 TIME
DAPHNE'S
SWEDISH
NEEDLEPOINT
SCARF
MATCHED
  HER
SKIRT
 EVEN
    A
SIMPLE
VOCABULARY
CONTAINS
SYMBOLS
  SHE
  HAD
 YOUR
 DARK
 SUIT
   IN
GREASY
 WASH
WATER
  ALL
 YEAR
DON'T
  ASK
   ME
   TO
CARRY
   AN
 OILY
  RAG
 LIKE
 THAT
    A
WHEEL
SQUEAKED
   ON
    A
  HUB
  WAS
STILL
  AND
SQUEAKED
AGAIN
   OH
  THE
 TIME
   OF
DEATH
  THE
STRUCTURES
HOUSING
  THE
APARTMENTS
  ARE
   OF
MASONRY
  AND
FRAME
CONSTRUCTION
  THE
MISQUOTE
  WAS
RETRACTED
 WITH
   AN
APOLOGY
MICHAEL
COLORED
  THE
BEDROOM
 WALL
 WITH
CRAYONS
 HELP
 GREG
   TO
 PICK
    A
 PECK
   OF
POTATOES
SHAVING
CREAM
   IS
    A
POPULAR
 ITEM
   ON
HALLOWEEN
 THEY
  OWN
    A
  BIG
HOUSE
   IN
  THE
REMOTE
COUNTRYSIDE
  SHE
  HAD
 YOUR
 DARK
 SUIT
   IN
GREASY
 WASH
WATER
  ALL
 YEAR
DON'T
  ASK
   ME
   TO
CARRY
   AN
 OILY
  RAG
 LIKE
 THAT
NOWADAYS
   WE
 TALK
   AS
THOUGH
  THE
BLITZ
 WERE
 JUST
    A
SHORT
SKIRMISH
PROPRIETY
  WAS
SYNONYMOUS
 WITH
RITUAL
OBSERVANCE
  THE
 MARK
   OF
    A
 TRUE
GENTLEMAN
 JARS
  ARE
ASSEMBLED
   IN
 BOWL
   OF
BUTTER
 MOLD
PIZZERIAS
  ARE
CONVENIENT
  FOR
    A
QUICK
LUNCH
  PUT
  THE
BUTCHER
BLOCK
TABLE
   IN
  THE
GARAGE
 DROP
 FIVE
FORMS
   IN
  THE
  BOX
BEFORE
  YOU
   GO
  OUT
  HER
WARDROBE
CONSISTS
   OF
 ONLY
SKIRTS
  AND
BLOUSES
ELDERLY
PEOPLE
  ARE
OFTEN
EXCLUDED
  SHE
  HAD
 YOUR
 DARK
 SUIT
   IN
GREASY
 WASH
WATER
  ALL
 YEAR
DON'T
  ASK
   ME
   TO
CARRY
   AN
 OILY
  RAG
 LIKE
 THAT
  THE
BETTER
QUALITY
PRODUCTS
   IN
 BOTH
   OF
THESE
LINES
CONTAIN
PHOSPHATE
BUILDERS
  WHY
 PICK
   ME
  FOR
 YOUR
PATSY
  PUT
   ON
  HIS
  OLD
BROWN
CORDUROY
 COAT
  AND
   IT
  WAS
ALREADY
SOAKED
  THE
BUNGALOW
  WAS
PLEASANTLY
SITUATED
 NEAR
  THE
SHORE
  ARE
  YOU
LOOKING
  FOR
EMPLOYMENT
    A
  BIG
 GOAT
 IDLY
AMBLED
THROUGH
  THE
FARMYARD
EATING
SPINACH
NIGHTLY
INCREASES
STRENGTH
MIRACULOUSLY
   AT
TWILIGHT
   ON
  THE
TWELFTH
  DAY
WE'LL
 HAVE
CHABLIS
  SHE
  HAD
 YOUR
 DARK
 SUIT
   IN
GREASY
 WASH
WATER
  ALL
 YEAR
DON'T
  ASK
   ME
   TO
CARRY
   AN
 OILY
  RAG
 LIKE
 THAT
  YOU
WOULD
DRIVE
   US
 INTO
SHAME
   HE
DECLARED
  THE
CLOUDS
BULGED
DOWNWARD
  AND
BURST
SUDDENLY
 INTO
    A
GREAT
BLACK
FUNNEL
 FOLD
 INTO
WHIPPED
CREAM
  AND
  ADD
    A
 DASH
   OF
 SALT
  AND
SPRINKLING
   OF
PAPRIKA
  THE
MISQUOTE
  WAS
RETRACTED
 WITH
   AN
APOLOGY
MICHAEL
COLORED
  THE
BEDROOM
 WALL
 WITH
CRAYONS
 HELP
 GREG
   TO
 PICK
    A
 PECK
   OF
POTATOES
SHAVING
CREAM
   IS
    A
POPULAR
 ITEM
   ON
HALLOWEEN
 THEY
  OWN
    A
  BIG
HOUSE
   IN
  THE
REMOTE
COUNTRYSIDE
  SHE
  HAD
 YOUR
 DARK
 SUIT
   IN
GREASY
 WASH
WATER
  ALL
 YEAR
DON'T
  ASK
   ME
   TO
CARRY
   AN
 OILY
  RAG
 LIKE
 THAT
    A
FLAME
WOULD
  USE
   UP
  AIR
EVERY
MOVEMENT
  SHE
 MADE
SEEMED
UNNECESSARILY
NOISY
  HIS
HISTORY
   IS
  HIS
ALONE
  YET
 EACH
  MAN
 MUST
RECOGNIZE
  HIS
  OWN
HISTORY
   IN
   IT
  THE
MISQUOTE
  WAS
RETRACTED
 WITH
   AN
APOLOGY
MICHAEL
COLORED
  THE
BEDROOM
 WALL
 WITH
CRAYONS
 HELP
 GREG
   TO
 PICK
    A
 PECK
   OF
POTATOES
SHAVING
CREAM
   IS
    A
POPULAR
 ITEM
   ON
HALLOWEEN
 THEY
  OWN
    A
  BIG
HOUSE
   IN
  THE
REMOTE
COUNTRYSIDE
  SHE
  HAD
 YOUR
 DARK
 SUIT
   IN
GREASY
 WASH
WATER
  ALL
 YEAR
DON'T
  ASK
   ME
   TO
CARRY
   AN
 OILY
  RAG
 LIKE
 THAT
INDEED
   IT
   IS
POSSIBLE
   TO
SEPARATE
ELECTRON
PARAMAGNETIC
 FROM
NUCLEAR
EFFECTS
LIGHTED
WINDOWS
GLOWED
JEWEL
BRIGHT
THROUGH
  THE
DOWNPOUR
SALVATION
RECONSIDERED
  THE
CLUMSY
CUSTOMER
SPILLED
 SOME
EXPENSIVE
PERFUME
  THE
VIEWPOINT
OVERLOOKED
  THE
OCEAN
PLEASE
  DIG
   MY
POTATOES
   UP
BEFORE
FROST
  I'D
 RIDE
  THE
SUBWAY
  BUT
    I
HAVEN'T
ENOUGH
CHANGE
GRANDMOTHER
OUTGREW
  HER
UPBRINGING
   IN
PETTICOATS
  SHE
  HAD
 YOUR
 DARK
 SUIT
   IN
GREASY
 WASH
WATER
  ALL
 YEAR
DON'T
  ASK
   ME
   TO
CARRY
   AN
 OILY
  RAG
 LIKE
 THAT
  THE
PURCHASERS
REJECTED
  THE
ORDER
   IN
  TWO
LETTERS
WRITTEN
   IN
VIGOROUS
TERMS
  THE
LOWER
PORTION
PROVIDES
    A
RATING
   AT
  ANY
STAGE
BETWEEN
INFANCY
  AND
ADULTHOOD
  WHY
ACCUSE
    A
SHIPMATE
   OF
BEING
BEHIND
 THIS
OBJECTS
 MADE
   OF
PEWTER
  ARE
BEAUTIFUL
  THE
MORNING
  DEW
   ON
  THE
SPIDER
  WEB
GLISTENED
   IN
  THE
  SUN
CHEAP
STOCKINGS
  RUN
  THE
FIRST
 TIME
THEY'RE
 WORN
DON'T
   DO
CHARLIE'S
DIRTY
DISHES
CALCIUM
MAKES
BONES
  AND
TEETH
STRONG
  SHE
  HAD
 YOUR
 DARK
 SUIT
   IN
GREASY
 WASH
WATER
  ALL
 YEAR
DON'T
  ASK
   ME
   TO
CARRY
   AN
 OILY
  RAG
 LIKE
 THAT
   IF
  YOU
  ARE
    A
 LIFE
TENANT
  YOU
DEDUCT
ALLOWABLE
DEPRECIATION
  AND
DEPLETION
GETTING
  THE
 BOSS
RATTLESNAKE
   TO
 HELP
  YOU
 LOOK
   AT
  THE
THINGS
   WE
   DO
   TO
ESCAPE
  OUR
FEARS
  AND
   TO
FORGET
  OUR
WORRIES
OBJECTS
 MADE
   OF
PEWTER
  ARE
BEAUTIFUL
  THE
MORNING
  DEW
   ON
  THE
SPIDER
  WEB
GLISTENED
   IN
  THE
  SUN
CHEAP
STOCKINGS
  RUN
  THE
FIRST
 TIME
THEY'RE
 WORN
DON'T
   DO
CHARLIE'S
DIRTY
DISHES
CALCIUM
MAKES
BONES
  AND
TEETH
STRONG
  SHE
  HAD
 YOUR
 DARK
 SUIT
   IN
GREASY
 WASH
WATER
  ALL
 YEAR
DON'T
  ASK
   ME
   TO
CARRY
   AN
 OILY
  RAG
 LIKE
 THAT
BROWN
 EYES
EYEBROW
MUSTACHE
RECTOR
  WAS
OFTEN
CURIOUS
OFTEN
TEMPTED
   TO
  ASK
QUESTIONS
  BUT
   HE
NEVER
  DID
  FEW
RURAL
AREAS
  ARE
PROTECTED
   BY
ZONING
TRADITION
REQUIRES
PARENTAL
APPROVAL
  FOR
UNDER
  AGE
MARRIAGE
 IT'S
HEALTHIER
   TO
 COOK
WITHOUT
SUGAR
  THE
CRANBERRY
  BOG
 GETS
 VERY
PRETTY
   IN
AUTUMN
LAUGH
DANCE
  AND
 SING
   IF
FORTUNE
SMILES
 UPON
  YOU
  MOM
STRONGLY
DISLIKES
APPETIZERS
  SHE
  HAD
 YOUR
 DARK
 SUIT
   IN
GREASY
 WASH
WATER
  ALL
 YEAR
DON'T
  ASK
   ME
   TO
CARRY
   AN
 OILY
  RAG
 LIKE
 THAT
  THE
SHUTTER
CONSISTS
   OF
  TWO
PARTS
    A
 FAST
OPENING
 PART
  AND
    A
 FAST
CLOSING
 PART
YOU'VE
  GOT
   NO
BUSINESS
   UP
 HERE
 THIS
THEORY
EVENTUALLY
PROVED
INEXACT
  WHO
AUTHORIZED
  THE
UNLIMITED
EXPENSE
ACCOUNT
   TO
FURTHER
  HIS
PRESTIGE
   HE
OCCASIONALLY
READS
  THE
 WALL
STREET
JOURNAL
LORI'S
COSTUME
NEEDED
BLACK
GLOVES
   TO
   BE
COMPLETELY
ELEGANT
  WHY
 YELL
   OR
WORRY
 OVER
SILLY
ITEMS
GUESS
  THE
QUESTION
 FROM
  THE
ANSWER
  SHE
  HAD
 YOUR
 DARK
 SUIT
   IN
GREASY
 WASH
WATER
  ALL
 YEAR
DON'T
  ASK
   ME
   TO
CARRY
   AN
 OILY
  RAG
 LIKE
 THAT
  YET
   WE
   NO
LONGER
 FEEL
UNEASY
   HE
DROVE
  AND
  THE
 ROAD
WOBBLED
FAMILIAR
SCENES
CREPT
 PAST
   ON
EITHER
 SIDE
   IT
 ALSO
PROVIDES
  FOR
FUNDS
   TO
CLEAR
SLUMS
  AND
 HELP
COLLEGES
BUILD
DORMITORIES
SPECIAL
 TASK
FORCES
RESCUE
HOSTAGES
 FROM
KIDNAPPERS
 WILL
ROBIN
 WEAR
    A
YELLOW
 LILY
STRAW
 HATS
  ARE
  OUT
   OF
FASHION
 THIS
 YEAR
  THE
TOOTH
FAIRY
FORGOT
   TO
 COME
 WHEN
ROGER'S
TOOTH
 FELL
  OUT
 THAT
DIAGRAM
MAKES
SENSE
 ONLY
AFTER
 MUCH
STUDY
  SHE
  HAD
 YOUR
 DARK
 SUIT
   IN
GREASY
 WASH
WATER
  ALL
 YEAR
DON'T
  ASK
   ME
   TO
CARRY
   AN
 OILY
  RAG
 LIKE
 THAT
   WE
WOULD
ESTABLISH
   NO
CENSORSHIP
   HE
 SAYS
HE'LL
   BE
 HERE
   ON
  THE
  ONE
O'CLOCK
PLANE
ASKED
  WHY
   HE
REPLIED
PRIMLY
BECAUSE
THAT'S
   NO
ACTIVITY
  FOR
    A
GENTLEMAN
COMBINE
  ALL
  THE
INGREDIENTS
   IN
    A
LARGE
 BOWL
  ROB
  SAT
   BY
  THE
 POND
  AND
SKETCHED
  THE
STRAY
GEESE
  BEG
 THAT
GUARD
  FOR
  ONE
GALLON
   OF
  GAS
  I'D
RATHER
  NOT
  BUY
THESE
SHOES
 THAN
   BE
OVERCHARGED
  HER
RIGHT
 HAND
ACHES
WHENEVER
  THE
BAROMETRIC
PRESSURE
CHANGES
  SHE
  HAD
 YOUR
 DARK
 SUIT
   IN
GREASY
 WASH
WATER
  ALL
 YEAR
DON'T
  ASK
   ME
   TO
CARRY
   AN
 OILY
  RAG
 LIKE
 THAT
  THE
 TALE
   HE
THOUGHT
WOULD
BECOME
 LESS
  GAY
WHERE
 ONLY
  ONE
 CLUB
EXISTED
BEFORE
   HE
 SAYS
  TWO
 WILL
FLOURISH
HENCEFORTH
  NOW
  THE
SCHOOL
  WAS
INDEED
BEREFT
DESTROY
EVERY
 FILE
RELATED
   TO
   MY
AUDITS
ALICE'S
ABILITY
   TO
 WORK
WITHOUT
SUPERVISION
   IS
NOTEWORTHY
  BOB
PAPERED
 OVER
  THE
LIVING
 ROOM
MURALS
WHERE
 WERE
  YOU
WHILE
   WE
 WERE
 AWAY
MEDIEVAL
SOCIETY
  WAS
BASED
   ON
HIERARCHIES
  SHE
  HAD
 YOUR
 DARK
 SUIT
   IN
GREASY
 WASH
WATER
  ALL
 YEAR
DON'T
  ASK
   ME
   TO
CARRY
   AN
 OILY
  RAG
 LIKE
 THAT
   IT
  HAD
    A
TEENY
ENVELOPE
 TIED
   TO
  ITS
WRIST
  SHE
LOOKED
CRESTFALLEN
   AS
   IF
   HE
  HAD
SOMEHOW
DISAPPOINTED
  THE
WHOLE
HUMAN
 RACE
THEIRS
   IS
    A
SACRIFICIAL
 LIFE
   BY
EARTHLY
STANDARDS
  THE
CAT'S
 MEOW
ALWAYS
HURTS
   MY
 EARS
CLIFF
  WAS
SOOTHED
   BY
  THE
LUXURIOUS
MASSAGE
 EACH
UNTIMELY
INCOME
 LOSS
COINCIDED
 WITH
  THE
BREAKDOWN
   OF
    A
HEATING
SYSTEM
 PART
 JANE
  MAY
 EARN
 MORE
MONEY
   BY
WORKING
 HARD
YOUNGSTERS
 LOVE
COMMON
CANDY
   AS
TREATS
  SHE
  HAD
 YOUR
 DARK
 SUIT
   IN
GREASY
 WASH
WATER
  ALL
 YEAR
DON'T
  ASK
   ME
   TO
CARRY
   AN
 OILY
  RAG
 LIKE
 THAT
   WE
 KNEW
 THAT
   IT
  WAS
   AS
REASSURANCE
  THE
IRONIC
FRUIT
   OF
    A
DEEPLY
MORAL
NATURE
COVERAGE
   OF
PRIMARY
LITERATURE
 WILL
FOLLOW
 THAT
ADDED
TRAFFIC
MEANS
RISING
STREAMS
   OF
DIMES
  AND
QUARTERS
   AT
 TOLL
GATES
  DID
  YOU
  BUY
  ANY
CORDUROY
OVERALLS
STEVE
 WORE
    A
BRIGHT
  RED
CASHMERE
SWEATER
  THE
GUNMAN
 KEPT
  HIS
VICTIM
CORNERED
   AT
GUNPOINT
  FOR
THREE
HOURS
  SHE
   IS
THINNER
 THAN
    I
   AM
IGUANAS
  AND
ALLIGATORS
  ARE
TROPICAL
REPTILES
  SHE
  HAD
 YOUR
 DARK
 SUIT
   IN
GREASY
 WASH
WATER
  ALL
 YEAR
DON'T
  ASK
   ME
   TO
CARRY
   AN
 OILY
  RAG
 LIKE
 THAT
   HE
WONDERED
   IF
   IT
 WORE
  THE
  OLD
ANXIETY
   OR
  THE
  OLD
 TAUT
STOICISM
  HIS
 DARK
BROWS
WHICH
  HAD
 BEEN
LOWERED
   IN
ANGER
SMOOTHED
   TO
  PUT
   IT
BLUNTLY
  YOU
  ARE
GETTING
  OUT
MODED
  ARE
 YOUR
GRADES
HIGHER
   OR
LOWER
 THAN
NANCY'S
PROJECT
DEVELOPMENT
  WAS
PROCEEDING
  TOO
SLOWLY
SERVE
  THE
COLESLAW
AFTER
    I
  ADD
  THE
  OIL
  THE
OASIS
  WAS
    A
MIRAGE
 THAT
NOISE
PROBLEM
GROWS
 MORE
ANNOYING
 EACH
  DAY
  SHE
  HAD
 YOUR
 DARK
 SUIT
   IN
GREASY
 WASH
WATER
  ALL
 YEAR
DON'T
  ASK
   ME
   TO
CARRY
   AN
 OILY
  RAG
 LIKE
 THAT
   TO
 DATE
  THE
  ONE
 MEAT
SHOWING
FAVORABLE
RESULTS
   AT
STERILIZATION
DOSES
   IS
 PORK
  OLD
PEOPLE
 HAVE
THEIR
IDIOSYNCRASIES
  THE
FAMILY
REQUESTS
 THAT
FLOWERS
   BE
OMITTED
OBJECTS
 MADE
   OF
PEWTER
  ARE
BEAUTIFUL
  THE
MORNING
  DEW
   ON
  THE
SPIDER
  WEB
GLISTENED
   IN
  THE
  SUN
CHEAP
STOCKINGS
  RUN
  THE
FIRST
 TIME
THEY'RE
 WORN
DON'T
   DO
CHARLIE'S
DIRTY
DISHES
CALCIUM
MAKES
BONES
  AND
TEETH
STRONG
  SHE
  HAD
 YOUR
 DARK
 SUIT
   IN
GREASY
 WASH
WATER
  ALL
 YEAR
DON'T
  ASK
   ME
   TO
CARRY
   AN
 OILY
  RAG
 LIKE
 THAT
   MY
  OWN
EXPERIENCE
  HAS
FOLLOWED
SIMPLER
LINES
  SHE
  WAS
READY
  FOR
  HER
GREAT
ADVENTURES
  AND
  THE
ARRIVAL
   OF
  HER
MOBILE
PARTNER
 THIS
   WE
  CAN
SYMPATHETICALLY
UNDERSTAND
PIZZERIAS
  ARE
CONVENIENT
  FOR
QUICK
LUNCH
  PUT
  THE
BUTCHER
BLOCK
TABLE
   IN
  THE
GARAGE
 DROP
 FIVE
FORMS
   IN
  THE
  BOX
BEFORE
  YOU
   GO
  OUT
  HER
WARDROBE
CONSISTS
   OF
 ONLY
SKIRTS
  AND
BLOUSES
ELDERLY
PEOPLE
  ARE
OFTEN
EXCLUDED
  SHE
  HAD
 YOUR
 DARK
 SUIT
   IN
GREASY
 WASH
WATER
  ALL
 YEAR
DON'T
  ASK
   ME
   TO
CARRY
   AN
 OILY
  RAG
 LIKE
 THAT
   IT
   IS
  THE
OBVERSE
   OF
TRIVIALITY
SHALLOWNESS
EMOTIONAL
ANAESTHESIA
  YOU
  TOO
 WERE
    A
STUPID
JACKASS
UNTIL
  YOU
POISONED
   ME
   AS
    A
 RULE
  THE
AUTISTIC
CHILD
DOESN'T
ENJOY
PHYSICAL
CONTACT
 WITH
OTHERS
 CALL
   AN
AMBULANCE
  FOR
    A
MEDICAL
ASSISTANCE
SWING
 YOUR
  ARM
   AS
 HIGH
   AS
  YOU
  CAN
  WHY
  BUY
  OIL
 WHEN
  YOU
ALWAYS
  USE
 MINE
PLANNED
PARENTHOOD
ORGANIZATIONS
PROMOTE
BIRTH
CONTROL
    A
BORING
NOVEL
   IS
    A
SUPERB
SLEEPING
 PILL
  SHE
  HAD
 YOUR
 DARK
 SUIT
   IN
GREASY
 WASH
WATER
  ALL
 YEAR
DON'T
  ASK
   ME
   TO
CARRY
   AN
 OILY
  RAG
 LIKE
 THAT
   IT
 WILL
HOWEVER
INHIBIT
  THE
SPROUTING
   OF
POTATOES
  AND
OTHER
 ROOT
VEGETABLES
 OKAY
 TAKE
  THE
 TRAY
   OR
  THE
  BAY
   OF
FEMALE
 DOGS
   IN
 HEAT
  WHO
AUTHORIZED
  THE
UNLIMITED
EXPENSE
ACCOUNT
   TO
FURTHER
  HIS
PRESTIGE
   HE
OCCASIONALLY
READS
  THE
 WALL
STREET
JOURNAL
LORI'S
COSTUME
NEEDED
BLACK
GLOVES
   TO
   BE
COMPLETELY
ELEGANT
  WHY
 YELL
   OR
WORRY
 OVER
SILLY
ITEMS
GUESS
  THE
QUESTION
 FROM
  THE
ANSWER
  SHE
  HAD
 YOUR
 DARK
 SUIT
   IN
GREASY
 WASH
WATER
  ALL
 YEAR
DON'T
  ASK
   ME
   TO
CARRY
   AN
 OILY
  RAG
 LIKE
 THAT
THERE
RESULTS
    A
STUDY
   OF
LITERATURE
FREED
 FROM
  THE
TYRANNY
   OF
  THE
CONTEMPORARY
AFTERWARDS
  YOU
  DID
 WELL
ENOUGH
   OR
CERTAIN
WORDS
   OR
RITUALS
 THAT
CHILD
  AND
ADULT
   GO
THROUGH
  MAY
   DO
  THE
TRICK
   HE
STOLE
    A
 DIME
 FROM
    A
BEGGAR
BEFORE
THURSDAY'S
 EXAM
REVIEW
EVERY
FORMULA
 THEY
ENJOY
   IT
 WHEN
    I
AUDITION
 JEFF
THOUGHT
  YOU
ARGUED
   IN
FAVOR
   OF
    A
CENTRIFUGE
PURCHASE
 JOHN
CLEANED
SHELLFISH
  FOR
    A
LIVING
  SHE
  HAD
 YOUR
 DARK
 SUIT
   IN
GREASY
 WASH
WATER
  ALL
 YEAR
DON'T
  ASK
   ME
   TO
CARRY
   AN
 OILY
  RAG
 LIKE
 THAT
    A
PORTABLE
ELECTRIC
HEATER
   IS
ADVISABLE
  FOR
SHELTERS
   IN
 COLD
CLIMATES
   HE
 DREW
    A
 DEEP
BREATH
   IT
CIRCLED
  HER
THIGHS
EXPLORING
 WITH
  ITS
  ICY
TENTACLES
COMBINE
  ALL
  THE
INGREDIENTS
   IN
    A
LARGE
 BOWL
  ROB
  SAT
   BY
  THE
 POND
  AND
SKETCHED
  THE
STRAY
GEESE
  BEG
 THAT
GUARD
  FOR
  ONE
GALLON
   OF
  GAS
  I'D
RATHER
  NOT
  BUY
THESE
SHOES
 THAN
   BE
OVERCHARGED
  HER
RIGHT
 HAND
ACHES
WHENEVER
  THE
BAROMETRIC
PRESSURE
CHANGES
  SHE
  HAD
 YOUR
 DARK
 SUIT
   IN
GREASY
 WASH
WATER
  ALL
 YEAR
DON'T
  ASK
   ME
   TO
CARRY
   AN
 OILY
  RAG
 LIKE
 THAT
SHOULD
  THE
ACCELERATING
GROWTH
   OF
TECHNOLOGY
 THEN
 WARN
   US
AFTER
 THAT
VIOLENCE
  WAS
EXULTANTLY
 EASY
THERE
  ARE
 MORE
OBVIOUS
NYMPHOMANIACS
   ON
  ANY
PRIVATE
  EYE
SERIES
AGRICULTURAL
PRODUCTS
  ARE
UNEVENLY
DISTRIBUTED
ALLOW
LEEWAY
 HERE
  BUT
RATIONALIZE
  ALL
ERRORS
  THE
NEAREST
SYNAGOGUE
  MAY
  NOT
   BE
WITHIN
WALKING
DISTANCE
 GREG
 BUYS
FRESH
 MILK
 EACH
WEEKDAY
MORNING
CATASTROPHIC
ECONOMIC
CUTBACKS
NEGLECT
  THE
 POOR
  SHE
  HAD
 YOUR
 DARK
 SUIT
   IN
GREASY
 WASH
WATER
  ALL
 YEAR
DON'T
  ASK
   ME
   TO
CARRY
   AN
 OILY
  RAG
 LIKE
 THAT
VAPOR
PRESSURE
METHOD
THERE
WOULD
STILL
   BE
PLENTY
   OF
MOMENTS
   OF
REGRET
  AND
SADNESS
  AND
GUILTY
RELIEF
  BUT
 WHAT
  HAS
 BEEN
HAPPENING
RECENTLY
MIGHT
   BE
DESCRIBED
   AS
CREEPING
MANNERISM
  ARE
 YOUR
GRADES
HIGHER
   OR
LOWER
 THAN
NANCY'S
PROJECT
DEVELOPMENT
  WAS
PROCEEDING
  TOO
SLOWLY
SERVE
  THE
COLESLAW
AFTER
    I
  ADD
  THE
  OIL
  THE
OASIS
  WAS
    A
MIRAGE
 THAT
NOISE
PROBLEM
GROWS
 MORE
ANNOYING
 EACH
  DAY
  SHE
  HAD
 YOUR
 DARK
 SUIT
   IN
GREASY
 WASH
WATER
  ALL
 YEAR
DON'T
  ASK
   ME
   TO
CARRY
   AN
 OILY
  RAG
 LIKE
 THAT
LIVING
   IN
    A
SHELTER
  THE
RADIOACTIVITY
   OF
FALLOUT
DECAYS
RAPIDLY
   AT
FIRST
ABOUT
 DAWN
   HE
  GOT
   UP
   TO
 BLOW
SURELY
 THIS
   IS
    A
REALITY
   WE
  ALL
ACKNOWLEDGE
    A
MUSCULAR
ABDOMEN
   IS
 GOOD
  FOR
 YOUR
 BACK
  THE
CAUSEWAY
ENDED
ABRUPTLY
   AT
  THE
SHORE
THOSE
MUSICIANS
HARMONIZE
MARVELOUSLY
PLEASE
 TAKE
 THIS
DIRTY
TABLE
CLOTH
   TO
  THE
CLEANERS
  FOR
   ME
  THE
CARPET
CLEANERS
SHAMPOOED
  OUR
ORIENTAL
  RUG
  SHE
  HAD
 YOUR
 DARK
 SUIT
   IN
GREASY
 WASH
WATER
  ALL
 YEAR
DON'T
  ASK
   ME
   TO
CARRY
   AN
 OILY
  RAG
 LIKE
 THAT
RELIGION
 THUS
BECOMES
INTEGRATED
 WITH
 LIFE
 THIS
   IS
TAXATION
WITHOUT
REPRESENTATION
  THE
FARMER'S
 LIFE
 MUST
   BE
ARRANGED
   TO
 MEET
  THE
DEMANDS
   OF
CROPS
  AND
LIVESTOCK
DECEMBER
  AND
JANUARY
  ARE
 NICE
MONTHS
   TO
SPEND
   IN
MIAMI
  HOW
 GOOD
   IS
 YOUR
ENDURANCE
   IF
PEOPLE
 WERE
 MORE
GENEROUS
THERE
WOULD
   BE
   NO
 NEED
  FOR
WELFARE
 BARB
BURNED
PAPER
  AND
LEAVES
   IN
    A
  BIG
BONFIRE
BASKETBALL
  CAN
   BE
   AN
ENTERTAINING
SPORT
  SHE
  HAD
 YOUR
 DARK
 SUIT
   IN
GREASY
 WASH
WATER
  ALL
 YEAR
DON'T
  ASK
   ME
   TO
CARRY
   AN
 OILY
  RAG
 LIKE
 THAT
HUSBANDRY
  WAS
BOUNDED
   BY
SNAKE
 RAIL
FENCES
  AND
THERE
 WERE
GRAZING
CATTLE
   HE
  HAD
FALLEN
 INTO
    A
 SOFT
  JOB
  AND
  NOW
  THE
  JOB
  WAS
 GONE
  AND
   HE
  WAS
STRANDED
AUTHORITIES
  SAY
 THAT
OLDSTERS
  ARE
    A
PRIME
TARGET
OBJECTS
 MADE
   OF
PEWTER
  ARE
BEAUTIFUL
  THE
MORNING
  DEW
   ON
  THE
SPIDER
  WEB
GLISTENED
   IN
  THE
  SUN
CHEAP
STOCKINGS
  RUN
  THE
FIRST
 TIME
THEY'RE
 WORN
DON'T
   DO
CHARLIE'S
DIRTY
DISHES
CALCIUM
MAKES
BONES
  AND
TEETH
STRONG
  SHE
  HAD
 YOUR
 DARK
 SUIT
   IN
GREASY
 WASH
WATER
  ALL
 YEAR
DON'T
  ASK
   ME
   TO
CARRY
   AN
 OILY
  RAG
 LIKE
 THAT
AMERICAN
NEWSPAPER
REVIEWERS
 LIKE
   TO
 CALL
  HIS
PLAYS
NIHILISTIC
  THE
PROSPECT
   OF
CUTTING
 BACK
SPENDING
   IS
   AN
UNPLEASANT
  ONE
  FOR
  ANY
GOVERNOR
  BUT
  THE
SHIPS
  ARE
 VERY
 SLOW
  NOW
  AND
   WE
DON'T
  GET
   SO
 MANY
SAILORS
  ANY
 MORE
   HE
STOLE
    A
 DIME
 FROM
    A
BEGGAR
BEFORE
THURSDAY'S
 EXAM
REVIEW
EVERY
FORMULA
 THEY
ENJOY
   IT
 WHEN
    I
AUDITION
 JEFF
THOUGHT
  YOU
ARGUED
   IN
FAVOR
   OF
    A
CENTRIFUGE
PURCHASE
 JOHN
CLEANS
SHELLFISH
  FOR
    A
LIVING
  SHE
  HAD
 YOUR
 DARK
 SUIT
   IN
GREASY
 WASH
WATER
  ALL
 YEAR
DON'T
  ASK
   ME
   TO
CARRY
   AN
 OILY
  RAG
 LIKE
 THAT
  THE
COURTYARD
   IS
MAGNIFICENTLY
DECORATED
   AS
    A
RESULT
   HE
  WAS
PERSUADED
  OUT
   TO
DINNER
   HE
  NOT
 ONLY
 KNEW
SOLDIERING
  BUT
MATHEMATICS
HISTORY
  AND
LITERATURE
   AS
 WELL
  THE
CLUMSY
CUSTOMER
SPILLED
 SOME
EXPENSIVE
PERFUME
  THE
VIEWPOINT
OVERLOOKED
  THE
OCEAN
PLEASE
  DIG
   MY
POTATOES
   UP
BEFORE
FROST
  I'D
 RIDE
  THE
SUBWAY
  BUT
    I
HAVEN'T
ENOUGH
CHANGE
GRANDMOTHER
OUTGREW
  HER
UPBRINGING
   IN
PETTICOATS
  SHE
  HAD
 YOUR
 DARK
 SUIT
   IN
GREASY
 WASH
WATER
  ALL
 YEAR
DON'T
  ASK
   ME
   TO
CARRY
   AN
 OILY
  RAG
 LIKE
 THAT
   WE
PRODUCE
PEANUT
  OIL
  BUT
   TO
    A
 MUCH
GREATER
EXTENT
   WE
  EAT
  THE
ENTIRE
 SEED
 FUSS
 FUSS
  OLD
  MAN
WE'VE
  ALL
 BEEN
 RICH
  AND
SPOILED
 LONG
ENOUGH
   TO
 HATE
  THE
MACHINE
  AGE
SPECIAL
 TASK
FORCES
RESCUE
HOSTAGES
 FROM
KIDNAPPERS
 WILL
ROBIN
 WEAR
    A
YELLOW
 LILY
STRAW
 HATS
  ARE
  OUT
   OF
FASHION
 THIS
 YEAR
  THE
TOOTH
FAIRY
FORGOT
   TO
 COME
 WHEN
ROGER'S
TOOTH
 FELL
  OUT
 THAT
DIAGRAM
MAKES
SENSE
 ONLY
AFTER
 MUCH
STUDY
  SHE
  HAD
 YOUR
 DARK
 SUIT
   IN
GREASY
 WASH
WATER
  ALL
 YEAR
DON'T
  ASK
   ME
   TO
CARRY
   AN
 OILY
  RAG
 LIKE
 THAT
WITHIN
  THE
LARGER
SOCIAL
SYSTEM
  ARE
  THE
STRUCTURAL
  AND
FUNCTIONAL
SUBSYSTEMS
  AND
 WHAT
 EYES
 THEY
 WERE
 IT'S
    A
STREAMLINED
RIFLE
 FAST
  AND
 WELL
 MADE
  THE
CAT'S
 MEOW
ALWAYS
HURTS
   MY
 EARS
CLIFF
  WAS
SOOTHED
   BY
  THE
LUXURIOUS
MASSAGE
 EACH
UNTIMELY
INCOME
 LOSS
COINCIDED
 WITH
  THE
BREAKDOWN
   OF
    A
HEATING
SYSTEM
 PART
 JANE
  MAY
 EARN
 MORE
MONEY
   BY
WORKING
 HARD
YOUNGSTERS
 LOVE
COMMON
CANDY
   AS
TREATS
  SHE
  HAD
 YOUR
 DARK
 SUIT
   IN
GREASY
 WASH
WATER
  ALL
 YEAR
DON'T
  ASK
   ME
   TO
CARRY
   AN
 OILY
  RAG
 LIKE
 THAT
   IF
 DARK
 CAME
 THEY
WOULD
 LOSE
  HER
   HE
THOUGHT
   HE
  SAW
    A
 PALE
 FACE
   AT
    A
WINDOW
THOSE
 WERE
ESPECIALLY
  THE
 ONES
 THAT
  ALL
OTHER
GROWNUPS
LAUGHED
   AT
LOUDEST
PIZZERIAS
  ARE
CONVENIENT
  FOR
    A
QUICK
LUNCH
  PUT
  THE
BUTCHER
BLOCK
TABLE
   IN
  THE
GARAGE
 DROP
 FIVE
FORMS
   IN
  THE
  BOX
BEFORE
  YOU
   GO
  OUT
  HER
WARDROBE
CONSISTS
   OF
 ONLY
SKIRTS
  AND
BLOUSES
ELDERLY
PEOPLE
  ARE
OFTEN
EXCLUDED
  SHE
  HAD
 YOUR
 DARK
 SUIT
   IN
GREASY
 WASH
WATER
  ALL
 YEAR
DON'T
  ASK
   ME
   TO
CARRY
   AN
 OILY
  RAG
 LIKE
 THAT
  HER
 TAIL
   NO
LONGER
LASHED
THERE'S
STILL
 SUCH
    A
THING
   AS
MENTAL
ILLNESS
  BUT
 EVEN
MOTHER'S
LOVING
ATTITUDE
 WILL
  NOT
ALWAYS
PREVENT
MISBEHAVIOR
ARTIFICIAL
INTELLIGENCE
   IS
  FOR
 REAL
  THE
SMALL
  BOY
  PUT
  THE
 WORM
   ON
  THE
 HOOK
    A
CHOSEN
  FEW
 WILL
BECOME
GENERALS
 ONLY
  THE
 MOST
ACCOMPLISHED
ARTISTS
OBTAIN
POPULARITY
  THE
 FISH
BEGAN
   TO
 LEAP
FRANTICALLY
   ON
  THE
SURFACE
   OF
  THE
SMALL
 LAKE
  SHE
  HAD
 YOUR
 DARK
 SUIT
   IN
GREASY
 WASH
WATER
  ALL
 YEAR
DON'T
  ASK
   ME
   TO
CARRY
   AN
 OILY
  RAG
 LIKE
 THAT
  LET
   US
DIFFERENTIATE
    A
  FEW
   OF
THESE
IDEAS
ETERNITY
   IS
   NO
 TIME
  FOR
RECRIMINATIONS
 WELL
JUNIOR
DIDN'T
   HE
  EAT
 ONLY
  ONE
  AND
   MR
HENRY
DIDN'T
 EVEN
   DO
 THAT
 WELL
SPECIAL
 TASK
FORCES
RESCUE
HOSTAGES
 FROM
KIDNAPPERS
 WILL
ROBIN
 WEAR
    A
YELLOW
 LILY
STRAW
 HATS
  ARE
  OUT
   OF
FASHION
 THIS
 YEAR
  THE
TOOTH
FAIRY
FORGOT
   TO
 COME
 WHEN
ROGER'S
TOOTH
 FELL
  OUT
 THAT
DIAGRAM
MAKES
SENSE
 ONLY
AFTER
 MUCH
STUDY
  SHE
  HAD
 YOUR
 DARK
 SUIT
   IN
GREASY
 WASH
WATER
  ALL
 YEAR
DON'T
  ASK
   ME
   TO
CARRY
   AN
 OILY
  RAG
 LIKE
 THAT
SUBSTANCES
  ALL
CRYSTALLINE
SUBSTANCES
  AND
OTHER
SOLID
STATE
MATERIALS
THOROUGHLY
WISED
   UP
  HOW
 COME
YOU'RE
RIDING
  THE
 RODS
 KIDS
 LIKE
  YOU
  THE
CAT'S
 MEOW
ALWAYS
HURTS
   MY
 EARS
CLIFF
  WAS
SOOTHED
   BY
  THE
LUXURIOUS
MASSAGE
 EACH
UNTIMELY
INCOME
 LOSS
COINCIDED
 WITH
  THE
BREAKDOWN
   OF
    A
HEATING
SYSTEM
 PART
 JANE
  MAY
 EARN
 MORE
MONEY
   BY
WORKING
 HARD
YOUNGSTERS
 LOVE
COMMON
CANDY
   AS
TREATS
  SHE
  HAD
 YOUR
 DARK
 SUIT
   IN
GREASY
 WASH
WATER
  ALL
 YEAR
DON'T
  ASK
   ME
   TO
CARRY
   AN
 OILY
  RAG
 LIKE
 THAT
  THE
REVISED
PROCEDURE
  WAS
ACCLAIMED
   AS
    A
 LONG
OVERDUE
REFORM
   HE
 HELD
  HIS
 ARMS
CLOSE
   TO
  HIS
SIDES
  AND
 MADE
HIMSELF
   AS
SMALL
   AS
POSSIBLE
  ONE
COULD
 HEAR
    A
 VERY
FAINT
LADYLIKE
 SIGH
   OF
RELIEF
TRADITION
REQUIRES
PARENTAL
APPROVAL
  FOR
UNDER
  AGE
MARRIAGE
 IT'S
HEALTHIER
   TO
 COOK
WITHOUT
SUGAR
  THE
CRANBERRY
  BOG
 GETS
 VERY
PRETTY
   IN
AUTUMN
LAUGH
DANCE
  AND
 SING
   IF
FORTUNE
SMILES
 UPON
  YOU
  MOM
STRONGLY
DISLIKES
APPETIZERS
  SHE
  HAD
 YOUR
 DARK
 SUIT
   IN
GREASY
 WASH
WATER
  ALL
 YEAR
DON'T
  ASK
   ME
   TO
CARRY
   AN
 OILY
  RAG
 LIKE
 THAT
VISUALLY
THESE
APPROXIMATED
 WHAT
   HE
  WAS
FEELING
WITHIN
HIMSELF
  YOU
  SAW
 THEM
ALWAYS
TOGETHER
THOSE
YEARS
  BUT
 SUCH
CASES
 WERE
   IN
  THE
 PAST
UNUSUAL
  THE
MISQUOTE
  WAS
RETRACTED
 WITH
   AN
APOLOGY
MICHAEL
COLORED
  THE
BEDROOM
 WALL
 WITH
CRAYONS
 HELP
 GREG
   TO
 PICK
    A
 PECK
   OF
POTATOES
SHAVING
CREAM
   IS
    A
POPULAR
 ITEM
   ON
HALLOWEEN
 THEY
  OWN
    A
  BIG
HOUSE
   IN
  THE
REMOTE
COUNTRYSIDE
  SHE
  HAD
 YOUR
 DARK
 SUIT
   IN
GREASY
 WASH
WATER
  ALL
 YEAR
DON'T
  ASK
   ME
   TO
CARRY
   AN
 OILY
  RAG
 LIKE
 THAT
 OVAL
 FACE
WITHOUT
   AN
EXPRESSION
   IN
  THE
WORLD
  YES
BECAUSE
  YOU
DIDN'T
  RUN
  OFF
   TO
  USE
 THAT
  NEW
TOOTHBRUSH
  HOW
 MUCH
 WILL
   IT
 COST
   TO
   DO
  ANY
NECESSARY
MODERNIZING
  AND
REDECORATING
  THE
CLUMSY
CUSTOMER
SPILLED
 SOME
EXPENSIVE
PERFUME
  THE
VIEWPOINT
OVERLOOKED
  THE
OCEAN
PLEASE
  DIG
   MY
POTATOES
   UP
BEFORE
FROST
  I'D
 RIDE
  THE
SUBWAY
  BUT
    I
HAVEN'T
ENOUGH
CHANGE
GRANDMOTHER
OUTGREW
  HER
UPBRINGING
   IN
PETTICOATS
  SHE
  HAD
 YOUR
 DARK
 SUIT
   IN
GREASY
 WASH
WATER
  ALL
 YEAR
DON'T
  ASK
   ME
   TO
CARRY
   AN
 OILY
  RAG
 LIKE
 THAT
EXBOYFRIEND
 MEET
EXHUSBAND
    A
BULLET
  SHE
ANSWERED
   IT
  MAY
   BE
 HARD
   TO
DECIDE
 WHAT
 THIS
LABOR
   IS
WORTH
  BUT
CHARGE
SOMETHING
  FOR
   IT
  THE
BUNGALOW
  WAS
PLEASANTLY
SITUATED
 NEAR
  THE
SHORE
  ARE
  YOU
LOOKING
  FOR
EMPLOYMENT
    A
  BIG
 GOAT
 IDLY
AMBLED
THROUGH
  THE
FARMYARD
EATING
SPINACH
NIGHTLY
INCREASES
STRENGTH
MIRACULOUSLY
   AT
TWILIGHT
   ON
  THE
TWELFTH
  DAY
WE'LL
 HAVE
CHABLIS
  SHE
  HAD
 YOUR
 DARK
 SUIT
   IN
GREASY
 WASH
WATER
  ALL
 YEAR
DON'T
  ASK
   ME
   TO
CARRY
   AN
 OILY
  RAG
 LIKE
 THAT
CAREFUL
DON'T
DISTURB
  HER
POVERTY
IMPOSES
    A
 KIND
   OF
CHASTITY
   ON
  THE
AMBITIOUS
CHOOSE
CAREFULLY
BETWEEN
CONTRIBUTORY
   OR
  NON
CONTRIBUTORY
PENSION
PLANS
  THE
CLUMSY
CUSTOMER
SPILLED
 SOME
EXPENSIVE
PERFUME
  THE
VIEWPOINT
OVERLOOKED
  THE
OCEAN
PLEASE
  DIG
   MY
POTATOES
   UP
BEFORE
FROST
  I'D
 RIDE
  THE
SUBWAY
  BUT
    I
HAVEN'T
ENOUGH
CHANGE
GRANDMOTHER
OUTGREW
  HER
UPBRINGING
   IN
PETTICOATS
  SHE
  HAD
 YOUR
 DARK
 SUIT
   IN
GREASY
 WASH
WATER
  ALL
 YEAR
DON'T
  ASK
   ME
   TO
CARRY
   AN
 OILY
  RAG
 LIKE
 THAT
NORTHERNERS
INDULGE
   IN
   AN
EXTREMELY
DANGEROUS
LUXURY
  GOT
   NO
BUSINESS
 OVER
 HERE
   ON
    A
STAKE
  OUT
ANYWAY
   MY
MOTHER
  WAS
BESIDE
HERSELF
 WITH
CURIOSITY
AGRICULTURAL
PRODUCTS
  ARE
UNEVENLY
DISTRIBUTED
ALLOW
LEEWAY
 HERE
  BUT
RATIONALIZE
  ALL
ERRORS
  THE
NEAREST
SYNAGOGUE
  MAY
  NOT
   BE
WITHIN
WALKING
DISTANCE
 GREG
 BUYS
FRESH
 MILK
 EACH
WEEKDAY
MORNING
CATASTROPHIC
ECONOMIC
CUTBACKS
NEGLECT
  THE
 POOR
  SHE
  HAD
 YOUR
 DARK
 SUIT
   IN
GREASY
 WASH
WATER
  ALL
 YEAR
DON'T
  ASK
   ME
   TO
CARRY
   AN
 OILY
  RAG
 LIKE
 THAT
  ONE
LOOKED
 DOWN
   ON
    A
  SEA
   OF
LEAVES
    A
BREAKING
 WAVE
   OF
FLOWER
  THE
 MANY
BODIED
 GIRL
  LAY
 NEAR
  HIM
  THE
  JOB
 ALSO
COVERS
    A
NUMBER
   OF
OTHER
ITEMS
COMBINE
  ALL
  THE
INGREDIENTS
   IN
    A
LARGE
 BOWL
  ROB
  SAT
   BY
  THE
 POND
  AND
SKETCHED
  THE
STRAY
GEESE
  BEG
 THAT
GUARD
  FOR
  ONE
GALLON
   OF
  GAS
  I'D
RATHER
  NOT
  BUY
THESE
SHOES
 THAN
   BE
OVERCHARGED
  HER
RIGHT
 HAND
ACHES
WHENEVER
  THE
BAROMETRIC
PRESSURE
CHANGES
  SHE
  HAD
 YOUR
 DARK
 SUIT
   IN
GREASY
 WASH
WATER
  ALL
 YEAR
DON'T
  ASK
   ME
   TO
CARRY
   AN
 OILY
  RAG
 LIKE
 THAT
  ALL
  NUT
KERNELS
  ARE
 RICH
   IN
PROTEIN
   IT
   IS
  NOT
    A
PLEASANT
   OR
 EASY
POSITION
  BUT
  ONE
   WE
 HAVE
ENDEAVORED
   TO
MAINTAIN
LOVIE
  YOU
 MAKE
   ME
 FEEL
NAKED
  SHE
SLIPPED
  AND
SPRAINED
  HER
ANKLE
   ON
  THE
STEEP
SLOPE
ALUMINUM
SILVERWARE
  CAN
OFTEN
   BE
FLIMSY
YOUNG
CHILDREN
SHOULD
AVOID
EXPOSURE
   TO
CONTAGIOUS
DISEASES
WEATHERPROOF
GALOSHES
  ARE
 VERY
USEFUL
   IN
SEATTLE
  PAM
GIVES
DRIVING
LESSONS
   ON
THURSDAYS
  SHE
  HAD
 YOUR
 DARK
 SUIT
   IN
GREASY
 WASH
WATER
  ALL
 YEAR
DON'T
  ASK
   ME
   TO
CARRY
   AN
 OILY
  RAG
 LIKE
 THAT
 PALM
  OIL
PROTECTS
  THE
SURFACES
   OF
STEEL
SHEETS
BEFORE
 THEY
  ARE
PLATED
 WITH
  TIN
  SHE
SOUNDED
   AS
THOUGH
 THEY
ALREADY
EXISTED
  HIS
ELECTION
   ON
  THE
OTHER
 HAND
WOULD
UNQUESTIONABLY
STRENGTHEN
  THE
REGULARS
   HE
STOLE
    A
 DIME
 FROM
    A
BEGGAR
BEFORE
THURSDAY'S
 EXAM
REVIEW
EVERY
FORMULA
 THEY
ENJOY
   IT
 WHEN
    I
AUDITION
 JEFF
THOUGHT
  YOU
ARGUED
   IN
FAVOR
   OF
    A
CENTRIFUGE
PURCHASE
 JOHN
CLEANS
SHELLFISH
  FOR
    A
LIVING
  SHE
  HAD
 YOUR
 DARK
 SUIT
   IN
GREASY
 WASH
WATER
  ALL
 YEAR
DON'T
  ASK
   ME
   TO
CARRY
   AN
 OILY
  RAG
 LIKE
 THAT
  FOR
 ONCE
RADICALISM
  WAS
    A
RECOMMENDATION
SOMEBODY
 WITH
   NO
VICES
HISTORIANS
 HAVE
  HAD
  TWO
REASONS
  FOR
PERSISTING
   SO
 LONG
   IN
THEIR
INVESTIGATIONS
  THE
SOUND
   OF
JENNIFER'S
BUGLE
SCARED
  THE
ANTELOPE
HIGHWAY
  AND
FREEWAY
 MEAN
  THE
 SAME
THING
  THE
  FOG
PREVENTED
 THEM
 FROM
ARRIVING
   ON
 TIME
DAPHNE'S
SWEDISH
NEEDLEPOINT
SCARF
MATCHED
  HER
SKIRT
 EVEN
    A
SIMPLE
VOCABULARY
CONTAINS
SYMBOLS
  SHE
  HAD
 YOUR
 DARK
 SUIT
   IN
GREASY
 WASH
WATER
  ALL
 YEAR
DON'T
  ASK
   ME
   TO
CARRY
   AN
 OILY
  RAG
 LIKE
 THAT
   AW
 SHUT
   UP
   HE
 SAID
    A
PROFESSION
 THAT
BROUGHT
   ME
   AS
 GOOD
   AN
INCOME
   AS
 MINE
WASN'T
   TO
   BE
SNEEZED
   AT
ALIGNING
  ALL
  THE
TEETH
  MAY
 TAKE
    A
 YEAR
   OR
 MORE
ARTIFICIAL
INTELLIGENCE
   IS
  FOR
 REAL
  THE
SMALL
  BOY
  PUT
  THE
 WORM
   ON
  THE
 HOOK
    A
CHOSEN
  FEW
 WILL
BECOME
GENERALS
 ONLY
  THE
 MOST
ACCOMPLISHED
ARTISTS
OBTAIN
POPULARITY
  THE
 FISH
BEGAN
   TO
 LEAP
FRANTICALLY
   ON
  THE
SURFACE
   OF
  THE
SMALL
 LAKE
  SHE
  HAD
 YOUR
 DARK
 SUIT
   IN
GREASY
 WASH
WATER
  ALL
 YEAR
DON'T
  ASK
   ME
   TO
CARRY
   AN
 OILY
  RAG
 LIKE
 THAT
 THEM
  NEW
   TO
  THE
COUNTRY
 WERE
REFERRED
   TO
   AS
PILGRIMS
 IT'S
    A
FORMALITY
  YOU
 KNOW
DISPLAYED
   AS
LAMPS
  THE
PUPPETS
DELIGHT
  THE
CHILDREN
  AND
  ARE
DECORATIVE
ACCENT
  THE
MISQUOTE
  WAS
RETRACTED
 WITH
   AN
APOLOGY
MICHAEL
COLORED
  THE
BEDROOM
 WALL
 WITH
CRAYONS
 HELP
 GREG
   TO
 PICK
    A
 PECK
   OF
POTATOES
SHAVING
CREAM
   IS
    A
POPULAR
 ITEM
   ON
HALLOWEEN
 THEY
  OWN
    A
  BIG
HOUSE
   IN
  THE
REMOTE
COUNTRYSIDE
  SHE
  HAD
 YOUR
 DARK
 SUIT
   IN
GREASY
 WASH
WATER
  ALL
 YEAR
DON'T
  ASK
   ME
   TO
CARRY
   AN
 OILY
  RAG
 LIKE
 THAT
MEATS
  THE
RADIATION
PROCESSING
   OF
 MEAT
  HAS
RECEIVED
EXTENSIVE
INVESTIGATION
   HE
WOULD
  NOT
CARRY
    A
BRIEF
 CASE
   BY
 THAT
  ONE
FEELS
 THAT
MAGNETIC
FORCES
  ARE
   AS
GENERAL
   AS
ELECTRICAL
FORCES
  ARE
 YOUR
GRADES
HIGHER
   OR
LOWER
 THAN
NANCY'S
PROJECT
DEVELOPMENT
  WAS
PROCEEDING
  TOO
SLOWLY
SERVE
  THE
COLESLAW
AFTER
    I
  ADD
  THE
  OIL
  THE
OASIS
  WAS
    A
MIRAGE
 THAT
NOISE
PROBLEM
GROWS
 MORE
ANNOYING
 EACH
  DAY
  SHE
  HAD
 YOUR
 DARK
 SUIT
   IN
GREASY
 WASH
WATER
  ALL
 YEAR
DON'T
  ASK
   ME
   TO
CARRY
   AN
 OILY
  RAG
 LIKE
 THAT
SELECTED
BIBLIOGRAPHIES
  AND
TABLES
   OF
AVAILABLE
 DATA
  ARE
  NOW
   IN
PREPARATION
 WHEN
   HE
  SAW
   ME
COMING
   HE
TURNED
  HIS
RADIO
  OFF
  THE
ARMCHAIR
TRAVELER
PRESERVES
  HIS
ILLUSIONS
 CALL
   AN
AMBULANCE
  FOR
MEDICAL
ASSISTANCE
SWING
 YOUR
  ARM
   AS
 HIGH
   AS
  YOU
  CAN
  WHY
  BUY
  OIL
 WHEN
  YOU
ALWAYS
  USE
 MINE
PLANNED
PARENTHOOD
ORGANIZATIONS
PROMOTE
BIRTH
CONTROL
    A
BORING
NOVEL
   IS
    A
SUPERB
SLEEPING
 PILL
  SHE
  HAD
 YOUR
 DARK
 SUIT
   IN
GREASY
 WASH
WATER
  ALL
 YEAR
DON'T
  ASK
   ME
   TO
CARRY
   AN
 OILY
  RAG
 LIKE
 THAT
   AS
  SHE
 GOES
  SHE
HERSELF
 WILL
   BE
ILLUMINATED
NOBODY
   IN
  HIS
RIGHT
 MIND
PUNISHES
    A
QUARTER
CENTURY
  OLD
DERELICTION
    A
QUICK
TOUCHDOWN
RESULTED
  THE
 BEST
  WAY
   TO
LEARN
   IS
   TO
SOLVE
EXTRA
PROBLEMS
  SHE
 WORE
 WARM
FLEECY
WOOLEN
OVERALLS
RALPH
CONTROLLED
  THE
STOPWATCH
 FROM
  THE
BLEACHERS
 THIS
BROCHURE
   IS
PARTICULARLY
INFORMATIVE
  FOR
    A
PROSPECTIVE
BUYER
  WHY
CHARGE
MONEY
  FOR
 SUCH
GARBAGE
  SHE
  HAD
 YOUR
 DARK
 SUIT
   IN
GREASY
 WASH
WATER
  ALL
 YEAR
DON'T
  ASK
   ME
   TO
CARRY
   AN
 OILY
  RAG
 LIKE
 THAT
   HE
ALWAYS
SEEMED
   TO
 HAVE
MONEY
   IN
  HIS
POCKET
   NO
RETURN
ADDRESS
WHATSOEVER
   AS
 SUCH
   IT
  WAS
BEYOND
POLITICS
  AND
  HAD
   NO
 NEED
   OF
JUSTIFICATION
   BY
    A
MESSAGE
AGRICULTURAL
PRODUCTS
  ARE
UNEVENLY
DISTRIBUTED
ALLOW
LEEWAY
 HERE
  BUT
RATIONALIZE
  ALL
ERRORS
  THE
NEAREST
SYNAGOGUE
  MAY
  NOT
   BE
WITHIN
WALKING
DISTANCE
 GREG
 BUYS
FRESH
 MILK
 EACH
WEEKDAY
MORNING
CATASTROPHIC
ECONOMIC
CUTBACKS
NEGLECT
  THE
 POOR
  SHE
  HAD
 YOUR
 DARK
 SUIT
   IN
GREASY
 WASH
WATER
  ALL
 YEAR
DON'T
  ASK
   ME
   TO
CARRY
   AN
 OILY
  RAG
 LIKE
 THAT
 GIVE
   ME
 YOUR
MACHINE
  GUN
 AMMO
  FOR
   AN
INSTANT
  THE
  OLD
 AUNT
 FELT
SOMETHING
INDEFINABLE
FLASH
THROUGH
  HER
SMILE
  AIM
   TO
BALANCE
 YOUR
EMPLOYEE
BENEFIT
PACKAGE
PIZZERIAS
  ARE
CONVENIENT
  FOR
    A
QUICK
LUNCH
  PUT
  THE
BUTCHER
BLOCK
TABLE
   IN
  THE
GARAGE
 DROP
 FIVE
FORMS
   IN
  THE
  BOX
BEFORE
  YOU
   GO
  OUT
  HER
WARDROBE
CONSISTS
   OF
 ONLY
SKIRTS
  AND
BLOUSES
ELDERLY
PEOPLE
  ARE
OFTEN
EXCLUDED
  SHE
  HAD
 YOUR
 DARK
 SUIT
   IN
GREASY
 WASH
WATER
  ALL
 YEAR
DON'T
  ASK
   ME
   TO
CARRY
   AN
 OILY
  RAG
 LIKE
 THAT
THEIR
 WORK
MIRRORS
  THE
MENTALITY
   OF
  THE
PSYCHOPATH
ROOTLESS
  AND
IRRESPONSIBLE
OTHERS
INVOKED
TECHNOLOGY
  AND
COMMON
SENSE
   TO
CREATE
 SUCH
    A
 LAMP
ORDER
    A
WIRED
PEDESTAL
 FROM
  ANY
 LAMP
 SHOP
  THE
CLUMSY
CUSTOMER
SPILLED
 SOME
EXPENSIVE
PERFUME
  THE
VIEWPOINT
OVERLOOKED
  THE
OCEAN
PLEASE
  DIG
   MY
POTATOES
   UP
BEFORE
FROST
  I'D
 RIDE
  THE
SUBWAY
  BUT
    I
HAVEN'T
ENOUGH
CHANGE
GRANDMOTHER
OUTGREW
  HER
UPBRINGING
   IN
PETTICOATS
  SHE
  HAD
 YOUR
 DARK
 SUIT
   IN
GREASY
 WASH
WATER
  ALL
 YEAR
DON'T
  ASK
   ME
   TO
CARRY
   AN
 OILY
  RAG
 LIKE
 THAT
  THE
REDCOATS
  RAN
 LIKE
RABBITS
 THUS
EVENTS
OCCURRED
  AND
VICTIMS
CHANGED
   IN
APPEARANCE
  AND
  NEW
 ONES
ARRIVED
  THE
GALLANT
 HALF
 CITY
   IS
DYING
   ON
  ITS
 FEET
  THE
SOUND
   OF
JENNIFER'S
BUGLE
SCARED
  THE
ANTELOPE
HIGHWAY
  AND
FREEWAY
 MEAN
  THE
 SAME
THING
  THE
  FOG
PREVENTED
 THEM
 FROM
ARRIVING
   ON
 TIME
DAPHNE'S
SWEDISH
NEEDLEPOINT
SCARF
MATCHED
  HER
SKIRT
 EVEN
    A
SIMPLE
VOCABULARY
CONTAINS
SYMBOLS
  SHE
  HAD
 YOUR
 DARK
 SUIT
   IN
GREASY
 WASH
WATER
  ALL
 YEAR
DON'T
  ASK
   ME
   TO
CARRY
   AN
 OILY
  RAG
 LIKE
 THAT
   AT
  LAW
SCHOOL
  THE
 SAME
  THE
INSTINCT
   TO
DISCIPLINE
  HAS
 BEEN
 LOST
    A
  NON
CONTRIBUTORY
 PLAN
USUALLY
WON'T
  PAY
  OFF
  FOR
  THE
WORKER
UNTIL
   HE
RETIRES
  THE
BUNGALOW
  WAS
PLEASANTLY
SITUATED
 NEAR
  THE
SHORE
  ARE
  YOU
LOOKING
  FOR
EMPLOYMENT
    A
  BIG
 GOAT
 IDLY
AMBLED
THROUGH
  THE
FARMYARD
EATING
SPINACH
NIGHTLY
INCREASES
STRENGTH
MIRACULOUSLY
   AT
TWILIGHT
   ON
  THE
TWELFTH
  DAY
WE'LL
 HAVE
CHABLIS
  SHE
  HAD
 YOUR
 DARK
 SUIT
   IN
GREASY
 WASH
WATER
  ALL
 YEAR
DON'T
  ASK
   ME
   TO
CARRY
   AN
 OILY
  RAG
 LIKE
 THAT
THESE
 WERE
HEROES
 NINE
 FEET
 TALL
   TO
  HIM
   HE
  SAW
  THE
DANGERS
  NOT
  THE
GLORIES
   OF
BEING
IDENTIFIED
   AS
    A
MUTINEER
OTHERWISE
  YOU
  MAY
   BE
SADDLED
 WITH
    A
 GOOD
 SIZE
 MILK
 BILL
   BY
 MILK
DRINKERS
TRADITION
REQUIRES
PARENTAL
APPROVAL
  FOR
UNDER
  AGE
MARRIAGE
 IT'S
HEALTHIER
   TO
 COOK
WITHOUT
SUGAR
  THE
CRANBERRY
  BOG
 GETS
 VERY
PRETTY
   IN
AUTUMN
LAUGH
DANCE
  AND
 SING
   IF
FORTUNE
SMILES
 UPON
  YOU
  MOM
STRONGLY
DISLIKES
APPETIZERS
  SHE
  HAD
 YOUR
 DARK
 SUIT
   IN
GREASY
 WASH
WATER
  ALL
 YEAR
DON'T
  ASK
   ME
   TO
CARRY
   AN
 OILY
  RAG
 LIKE
 THAT
   HE
COULD
 PICK
   UP
ANOTHER
 PACK
   ON
  HIS
  WAY
 HOME
   IF
   HE
 WERE
GOING
 HOME
UNFORTUNATELY
THERE
   IS
STILL
LITTLE
DEMAND
  FOR
BROCCOLI
  AND
CAULIFLOWER
THAT'S
WHERE
DEVICE
QUACKERY
  CAN
 LEAD
PIZZERIAS
  ARE
CONVENIENT
  FOR
    A
QUICK
LUNCH
  PUT
  THE
BUTCHER
BLOCK
TABLE
   IN
  THE
GARAGE
 DROP
 FIVE
FORMS
   IN
  THE
  BOX
BEFORE
  YOU
   GO
  OUT
  HER
WARDROBE
CONSISTS
   OF
 ONLY
SKIRTS
  AND
BLOUSES
ELDERLY
PEOPLE
  ARE
OFTEN
EXCLUDED
  SHE
  HAD
 YOUR
 DARK
 SUIT
   IN
GREASY
 WASH
WATER
  ALL
 YEAR
DON'T
  ASK
   ME
   TO
CARRY
   AN
 OILY
  RAG
 LIKE
 THAT
 NEXT
 BEST
   TO
DESTROYING
   AN
 ARMY
   IS
   TO
DEPRIVE
   IT
   OF
  ITS
FREEDOM
   OF
ACTION
 HAVE
  YOU
  GOT
  OUR
 KEYS
HANDY
    A
RANGE
   OF
BLUFFS
HUGGED
  THE
HORIZON
  THE
COLOR
   OF
DECAYING
 MOSS
  THE
 BEST
  WAY
   TO
LEARN
   IS
   TO
SOLVE
EXTRA
PROBLEMS
  SHE
 WORE
 WARM
FLEECY
WOOLEN
OVERALLS
RALPH
CONTROLLED
  THE
STOPWATCH
 FROM
  THE
BLEACHERS
 THIS
BROCHURE
   IS
PARTICULARLY
INFORMATIVE
  FOR
    A
PROSPECTIVE
BUYER
  WHY
CHARGE
MONEY
  FOR
 SUCH
GARBAGE
  SHE
  HAD
 YOUR
 DARK
 SUIT
   IN
GREASY
 WASH
WATER
  ALL
 YEAR
DON'T
  ASK
   ME
   TO
CARRY
   AN
 OILY
  RAG
 LIKE
 THAT
   BY
 THAT
 TIME
PERHAPS
SOMETHING
BETTER
  CAN
   BE
 DONE
 THIS
TRAGIC
  LAD
  HAD
FORGED
  HIS
  OWN
SHACKLES
CHECK
 YOUR
CAFETERIA
LOCATION
   TO
 MAKE
 SURE
 IT'S
CONVENIENT
  FOR
 MOST
EMPLOYEES
  THE
SOUND
   OF
JENNIFER'S
BUGLE
SCARED
  THE
ANTELOPE
HIGHWAY
  AND
FREEWAY
 MEAN
  THE
 SAME
THING
  THE
  FOG
PREVENTED
 THEM
 FROM
ARRIVING
   ON
 TIME
DAPHNE'S
SWEDISH
NEEDLEPOINT
SCARF
MATCHED
  HER
SKIRT
 EVEN
    A
SIMPLE
VOCABULARY
CONTAINS
SYMBOLS
  SHE
  HAD
 YOUR
 DARK
 SUIT
   IN
GREASY
 WASH
WATER
  ALL
 YEAR
DON'T
  ASK
   ME
   TO
CARRY
   AN
 OILY
  RAG
 LIKE
 THAT
THERE
  ARE
 ALSO
HONEST
SEEKERS
AFTER
TRUTH
STAKE
   ME
  SHE
 SAID
  AND
  LET
   ME
   AT
THOSE
 DICE
ENCOURAGE
 THEM
   TO
EXERCISE
THEIR
BENEFITS
DECEMBER
  AND
JANUARY
  ARE
 NICE
MONTHS
   TO
SPEND
   IN
MIAMI
  HOW
 GOOD
   IS
 YOUR
ENDURANCE
   IF
PEOPLE
 WERE
 MORE
GENEROUS
THERE
WOULD
   BE
   NO
 NEED
  FOR
WELFARE
 BARB
BURNED
PAPER
  AND
LEAVES
   IN
    A
  BIG
BONFIRE
BASKETBALL
  CAN
   BE
   AN
ENTERTAINING
SPORT
  SHE
  HAD
 YOUR
 DARK
 SUIT
   IN
GREASY
 WASH
WATER
  ALL
 YEAR
DON'T
  ASK
   ME
   TO
CARRY
   AN
 OILY
  RAG
 LIKE
 THAT
  SHE
 SAID
SHARKS
 HAVE
   NO
BONES
  AND
SHRIMP
 SWAM
BACKWARD
 MILK
PRODUCTION
  MAY
   BE
INCREASED
   BY
  THE
 ANTI
INFECTIVE
PROPERTIES
   OF
 THIS
 DRUG
WHILE
   HE
  WAS
   IN
CUSTODY
  HIS
 WIFE
DIVORCED
  HIM
  THE
EMBLEM
DEPICTS
  THE
ACROPOLIS
  ALL
AGLOW
MILITARY
PERSONNEL
  ARE
EXPECTED
   TO
 OBEY
GOVERNMENT
ORDERS
 ONLY
LAWYERS
 LOVE
MILLIONAIRES
   IF
CAROL
COMES
TOMORROW
 HAVE
  HER
ARRANGE
  FOR
    A
MEETING
   AT
  TWO
  HIS
SHOULDER
 FELT
   AS
   IF
   IT
 WERE
BROKEN
  SHE
  HAD
 YOUR
 DARK
 SUIT
   IN
GREASY
 WASH
WATER
  ALL
 YEAR
DON'T
  ASK
   ME
   TO
CARRY
   AN
 OILY
  RAG
 LIKE
 THAT
  THE
RUSTLING
PROBLEM
  WAS
   BY
   NO
MEANS
SOLVED
   MY
  DAD
  DID
   IT
  AND
   HE
LIVED
   TO
    A
GREAT
  AGE
SALESMANSHIP
   IS
STILL
NECESSARY
  BUT
 IT'S
    A
DIFFERENT
BRAND
   OF
SALESMANSHIP
  THE
EMBLEM
DEPICTS
  THE
ACROPOLIS
  ALL
AGLOW
MILITARY
PERSONNEL
  ARE
EXPECTED
   TO
 OBEY
GOVERNMENT
ORDERS
 ONLY
LAWYERS
 LOVE
MILLIONAIRES
   IF
CAROL
COMES
TOMORROW
 HAVE
  HER
ARRANGE
  FOR
    A
MEETING
   AT
  TWO
  HIS
SHOULDER
 FELT
   AS
   IF
   IT
 WERE
BROKEN
  SHE
  HAD
 YOUR
 DARK
 SUIT
   IN
GREASY
 WASH
WATER
  ALL
 YEAR
DON'T
  ASK
   ME
   TO
CARRY
   AN
 OILY
  RAG
 LIKE
 THAT
URETHANE
 FOAM
   AS
   AN
INSULATOR
   IS
 ALSO
COMING
   IN
  FOR
    A
 GOOD
 DEAL
   OF
ATTENTION
ABOVE
  HIM
 SLID
  THE
EVASIVE
SHADOW
   OF
    A
STORM
CLOUD
  THE
 DRUG
   IS
 ALSO
INCORPORATED
   IN
SUPPLEMENTS
 CALL
   AN
AMBULANCE
  FOR
MEDICAL
ASSISTANCE
SWING
 YOUR
  ARM
   AS
 HIGH
   AS
  YOU
  CAN
  WHY
  BUY
  OIL
 WHEN
  YOU
ALWAYS
  USE
 MINE
PLANNED
PARENTHOOD
ORGANIZATIONS
PROMOTE
BIRTH
CONTROL
    A
BORING
NOVEL
   IS
    A
SUPERB
SLEEPING
 PILL
  SHE
  HAD
 YOUR
 DARK
 SUIT
   IN
GREASY
 WASH
WATER
  ALL
 YEAR
DON'T
  ASK
   ME
   TO
CARRY
   AN
 OILY
  RAG
 LIKE
 THAT
CHIEF
INTEREST
   IN
RADIOSTERILIZATION
RESIDES
   IN
  THE
MILITARY
SERVICES
 THEY
  HAD
SLAPPED
THEIR
THIGHS
THERE
FORCES
  ARE
 MORE
LATENT
 THAN
   IN
ELECTRICITY
  AND
 LESS
 THAN
   IN
MAGNETISM
DESTROY
EVERY
 FILE
RELATED
   TO
   MY
AUDITS
ALICE'S
ABILITY
   TO
 WORK
WITHOUT
SUPERVISION
   IS
NOTEWORTHY
  BOB
PAPERED
 OVER
  THE
LIVING
 ROOM
MURALS
WHERE
 WERE
  YOU
WHILE
   WE
 WERE
 AWAY
MEDIEVAL
SOCIETY
  WAS
BASED
   ON
HIERARCHIES
  SHE
  HAD
 YOUR
 DARK
 SUIT
   IN
GREASY
 WASH
WATER
  ALL
 YEAR
DON'T
  ASK
   ME
   TO
CARRY
   AN
 OILY
  RAG
 LIKE
 THAT
  THE
ELECTRON
OPTICAL
SYSTEM
  MAY
   BE
EITHER
    A
MAGNETIC
   OR
ELECTROSTATIC
  ONE
   HE
SWUNG
   IN
THROUGH
  HIS
  OWN
 WIDE
GATEWAY
   NO
  ONE
MATERIAL
   IS
 BEST
  FOR
  ALL
SITUATIONS
  THE
 BEST
  WAY
   TO
LEARN
   IS
   TO
SOLVE
EXTRA
PROBLEMS
  SHE
 WORE
 WARM
FLEECY
WOOLEN
OVERALLS
RALPH
CONTROLLED
  THE
STOPWATCH
 FROM
  THE
BLEACHERS
 THIS
BROCHURE
   IS
PARTICULARLY
INFORMATIVE
  FOR
    A
PROSPECTIVE
BUYER
  WHY
CHARGE
MONEY
  FOR
 SUCH
GARBAGE
  SHE
  HAD
 YOUR
 DARK
 SUIT
   IN
GREASY
 WASH
WATER
  ALL
 YEAR
DON'T
  ASK
   ME
   TO
CARRY
   AN
 OILY
  RAG
 LIKE
 THAT
FURTHER
RESEARCH
   WE
BELIEVE
 WILL
DEVELOP
IMPORTANT
COMMERCIAL
APPLICATIONS
  WHY
SINGLE
   ME
  OUT
   ON
 THIS
PERMIT
 DEAL
  OUR
ENEMY
   IS
 ALSO
THREATENING
   TO
DEVOUR
   US
ARTIFICIAL
INTELLIGENCE
   IS
  FOR
 REAL
  THE
SMALL
  BOY
  PUT
  THE
 WORM
   ON
  THE
 HOOK
    A
CHOSEN
  FEW
 WILL
BECOME
GENERALS
 ONLY
  THE
 MOST
ACCOMPLISHED
ARTISTS
OBTAIN
POPULARITY
  THE
 FISH
BEGAN
   TO
 LEAP
FRANTICALLY
   ON
  THE
SURFACE
   OF
  THE
SMALL
 LAKE
  SHE
  HAD
 YOUR
 DARK
 SUIT
   IN
GREASY
 WASH
WATER
  ALL
 YEAR
DON'T
  ASK
   ME
   TO
CARRY
   AN
 OILY
  RAG
 LIKE
 THAT
EIGHT
FIELD
 GUNS
 WERE
CAPTURED
   IN
POSITION
   HE
RUBBED
  HIS
 EYES
SLEEPILY
 WITH
  ONE
 HUGE
  PAW
    A
SECOND
TWITCHED
  HIS
SHIRTSLEEVE
  AND
   HE
 FELT
    A
BRIEF
 BURN
   ON
  HIS
UPPER
  ARM
  SHE
SLIPPED
  AND
SPRAINED
  HER
ANKLE
   ON
  THE
STEEP
SLOPE
ALUMINUM
SILVERWARE
  CAN
OFTEN
   BE
FLIMSY
YOUNG
CHILDREN
SHOULD
AVOID
EXPOSURE
   TO
CONTAGIOUS
DISEASES
WEATHERPROOF
GALOSHES
  ARE
 VERY
USEFUL
   IN
SEATTLE
  PAM
GIVES
DRIVING
LESSONS
   ON
THURSDAYS
  SHE
  HAD
 YOUR
 DARK
 SUIT
   IN
GREASY
 WASH
WATER
  ALL
 YEAR
DON'T
  ASK
   ME
   TO
CARRY
   AN
 OILY
  RAG
 LIKE
 THAT
 ONLY
THOSE
STORY
TELLERS
 WILL
REMAIN
  WHO
  CAN
IMITATE
  THE
STYLE
   OF
  THE
VIRTUOUS
  SHE
RADIATED
WARMTH
  AND
 GOOD
FELLOWSHIP
MAYBE
   HE
 WILL
 HELP
   TO
 TURN
  OUR
 FAIR
 CITY
 INTO
    A
GHOST
 TOWN
TRADITION
REQUIRES
PARENTAL
APPROVAL
  FOR
UNDER
  AGE
MARRIAGE
 IT'S
HEALTHIER
   TO
 COOK
WITHOUT
SUGAR
  THE
CRANBERRY
  BOG
 GETS
 VERY
PRETTY
   IN
AUTUMN
LAUGH
DANCE
  AND
 SING
   IF
FORTUNE
SMILES
 UPON
  YOU
  MOM
STRONGLY
DISLIKES
APPETIZERS
  SHE
  HAD
 YOUR
 DARK
 SUIT
   IN
GREASY
 WASH
WATER
  ALL
 YEAR
DON'T
  ASK
   ME
   TO
CARRY
   AN
 OILY
  RAG
 LIKE
 THAT
 HE'D
COLLARED
  ONE
   OF
  HIS
GENERALS
   IN
PUBLIC
SONIC
ELECTRONIC
GALVANIC
  ALL
BLANK
HEELS
PLACE
EMPHASIS
   ON
  THE
 LONG
LEGGED
SILHOUETTE
    A
MUSCULAR
ABDOMEN
   IS
 GOOD
  FOR
 YOUR
 BACK
  THE
CAUSEWAY
ENDED
ABRUPTLY
   AT
  THE
SHORE
THOSE
MUSICIANS
HARMONIZE
MARVELOUSLY
PLEASE
 TAKE
 THIS
DIRTY
TABLE
CLOTH
   TO
  THE
CLEANERS
  FOR
   ME
  THE
CARPET
CLEANERS
SHAMPOOED
  OUR
ORIENTAL
  RUG
